{
  "version": "1.5.0",
  "plugins_used": [
    {
      "name": "ArtifactoryDetector"
    },
    {
      "name": "AWSKeyDetector"
    },
    {
      "name": "AzureStorageKeyDetector"
    },
    {
      "name": "Base64HighEntropyString",
      "limit": 4.5
    },
    {
      "name": "BasicAuthDetector"
    },
    {
      "name": "CloudantDetector"
    },
    {
      "name": "DiscordBotTokenDetector"
    },
    {
      "name": "GitHubTokenDetector"
    },
    {
      "name": "GitLabTokenDetector"
    },
    {
      "name": "HexHighEntropyString",
      "limit": 3.0
    },
    {
      "name": "IbmCloudIamDetector"
    },
    {
      "name": "IbmCosHmacDetector"
    },
    {
      "name": "IPPublicDetector"
    },
    {
      "name": "JwtTokenDetector"
    },
    {
      "name": "KeywordDetector",
      "keyword_exclude": ""
    },
    {
      "name": "MailchimpDetector"
    },
    {
      "name": "NpmDetector"
    },
    {
      "name": "OpenAIDetector"
    },
    {
      "name": "PrivateKeyDetector"
    },
    {
      "name": "PypiTokenDetector"
    },
    {
      "name": "SendGridDetector"
    },
    {
      "name": "SlackDetector"
    },
    {
      "name": "SoftlayerDetector"
    },
    {
      "name": "SquareOAuthDetector"
    },
    {
      "name": "StripeDetector"
    },
    {
      "name": "TelegramBotTokenDetector"
    },
    {
      "name": "TwilioKeyDetector"
    }
  ],
  "filters_used": [
    {
      "path": "detect_secrets.filters.allowlist.is_line_allowlisted"
    },
    {
      "path": "detect_secrets.filters.common.is_ignored_due_to_verification_policies",
      "min_level": 2
    },
    {
      "path": "detect_secrets.filters.heuristic.is_indirect_reference"
    },
    {
      "path": "detect_secrets.filters.heuristic.is_likely_id_string"
    },
    {
      "path": "detect_secrets.filters.heuristic.is_lock_file"
    },
    {
      "path": "detect_secrets.filters.heuristic.is_not_alphanumeric_string"
    },
    {
      "path": "detect_secrets.filters.heuristic.is_potential_uuid"
    },
    {
      "path": "detect_secrets.filters.heuristic.is_prefixed_with_dollar_sign"
    },
    {
      "path": "detect_secrets.filters.heuristic.is_sequential_string"
    },
    {
      "path": "detect_secrets.filters.heuristic.is_swagger_file"
    },
    {
      "path": "detect_secrets.filters.heuristic.is_templated_secret"
    },
    {
      "path": "detect_secrets.filters.regex.should_exclude_file",
      "pattern": [
        "(^|[/\\\\])\\.venv[/\\\\]",
        "(^|[/\\\\])node_modules[/\\\\]",
        "(^|[/\\\\])\\.git[/\\\\]",
        "(^|[/\\\\])agent-state[/\\\\]"
      ]
    }
  ],
  "results": {
    "config/examples/llm-providers.example.yaml": [
      {
        "type": "Secret Keyword",
        "filename": "config/examples/llm-providers.example.yaml",
        "hashed_secret": "3e10d010e7dfb478858d30459fa03f3824340d47",
        "is_verified": false,
        "line_number": 32
      },
      {
        "type": "Secret Keyword",
        "filename": "config/examples/llm-providers.example.yaml",
        "hashed_secret": "02ecb94373bfb3dfe827ca18409f50b016e8302a",
        "is_verified": false,
        "line_number": 36
      },
      {
        "type": "Secret Keyword",
        "filename": "config/examples/llm-providers.example.yaml",
        "hashed_secret": "f8ca0d7266886f4b5be9adddc9b66017b3bf1a4b",
        "is_verified": false,
        "line_number": 39
      }
    ],
    "tests/fixtures/ingest/cloudflare/html/cloudflare-pages-limits/capture.json": [
      {
        "type": "Hex High Entropy String",
        "filename": "tests/fixtures/ingest/cloudflare/html/cloudflare-pages-limits/capture.json",
        "hashed_secret": "260a66efc16ae9004ca9ac82c9472cde1ec08fb5",
        "is_verified": false,
        "line_number": 7
      }
    ],
    "tests/fixtures/ingest/cloudflare/html/cloudflare-workers-limits/capture.json": [
      {
        "type": "Hex High Entropy String",
        "filename": "tests/fixtures/ingest/cloudflare/html/cloudflare-workers-limits/capture.json",
        "hashed_secret": "11e1edb9eba665c931a84fd1b6376984f6e4b540",
        "is_verified": false,
        "line_number": 7
      }
    ],
    "tests/fixtures/ingest/github/html/changed/capture.json": [
      {
        "type": "Hex High Entropy String",
        "filename": "tests/fixtures/ingest/github/html/changed/capture.json",
        "hashed_secret": "8c35cb21d2299f4d61f837f646ca532ebd1dc326",
        "is_verified": false,
        "line_number": 11
      }
    ],
    "tests/fixtures/ingest/github/html/contradictory/capture.json": [
      {
        "type": "Hex High Entropy String",
        "filename": "tests/fixtures/ingest/github/html/contradictory/capture.json",
        "hashed_secret": "b40d4697e572cb5aef99d817ddb730672795d932",
        "is_verified": false,
        "line_number": 11
      }
    ],
    "tests/fixtures/ingest/github/html/github-actions-billing/capture.json": [
      {
        "type": "Hex High Entropy String",
        "filename": "tests/fixtures/ingest/github/html/github-actions-billing/capture.json",
        "hashed_secret": "6fde59a6f0a1ebb366aea9fdb7ad3b6883233443",
        "is_verified": false,
        "line_number": 6
      },
      {
        "type": "Hex High Entropy String",
        "filename": "tests/fixtures/ingest/github/html/github-actions-billing/capture.json",
        "hashed_secret": "76850206694941edb605b0032dd6112216e39654",
        "is_verified": false,
        "line_number": 8
      },
      {
        "type": "Hex High Entropy String",
        "filename": "tests/fixtures/ingest/github/html/github-actions-billing/capture.json",
        "hashed_secret": "d7a7bf1b1b952728c27d1d0317967632ef76b463",
        "is_verified": false,
        "line_number": 25
      },
      {
        "type": "Hex High Entropy String",
        "filename": "tests/fixtures/ingest/github/html/github-actions-billing/capture.json",
        "hashed_secret": "ca43ef66086572aa71b9b7e4aa85dc33111ce2d0",
        "is_verified": false,
        "line_number": 26
      },
      {
        "type": "Hex High Entropy String",
        "filename": "tests/fixtures/ingest/github/html/github-actions-billing/capture.json",
        "hashed_secret": "8e0300c6c355552b42e61681fe839b3800b0a5cf",
        "is_verified": false,
        "line_number": 27
      },
      {
        "type": "Hex High Entropy String",
        "filename": "tests/fixtures/ingest/github/html/github-actions-billing/capture.json",
        "hashed_secret": "da08be359a6372c0fc8010fd6430f8c6a834053e",
        "is_verified": false,
        "line_number": 29
      }
    ],
    "tests/fixtures/ingest/github/html/github-codespaces-billing/capture.json": [
      {
        "type": "Hex High Entropy String",
        "filename": "tests/fixtures/ingest/github/html/github-codespaces-billing/capture.json",
        "hashed_secret": "6996f0b8d349c8e52c065f01553fa7bd69191c5b",
        "is_verified": false,
        "line_number": 6
      },
      {
        "type": "Hex High Entropy String",
        "filename": "tests/fixtures/ingest/github/html/github-codespaces-billing/capture.json",
        "hashed_secret": "7a774ac676678c1bab478145bf9496ea50651c5f",
        "is_verified": false,
        "line_number": 8
      },
      {
        "type": "Hex High Entropy String",
        "filename": "tests/fixtures/ingest/github/html/github-codespaces-billing/capture.json",
        "hashed_secret": "68dd3853ef4b7fff244ef804de8331a310bed6f5",
        "is_verified": false,
        "line_number": 34
      },
      {
        "type": "Hex High Entropy String",
        "filename": "tests/fixtures/ingest/github/html/github-codespaces-billing/capture.json",
        "hashed_secret": "2a382ac207540525e88e75c0b5649cdf5f4f28a4",
        "is_verified": false,
        "line_number": 35
      },
      {
        "type": "Hex High Entropy String",
        "filename": "tests/fixtures/ingest/github/html/github-codespaces-billing/capture.json",
        "hashed_secret": "8e0300c6c355552b42e61681fe839b3800b0a5cf",
        "is_verified": false,
        "line_number": 37
      }
    ],
    "tests/fixtures/ingest/github/html/github-enterprise-cloud-trial/capture.json": [
      {
        "type": "Hex High Entropy String",
        "filename": "tests/fixtures/ingest/github/html/github-enterprise-cloud-trial/capture.json",
        "hashed_secret": "d03bb923f977f5f081b62a82b21a6a91d5045b10",
        "is_verified": false,
        "line_number": 6
      },
      {
        "type": "Hex High Entropy String",
        "filename": "tests/fixtures/ingest/github/html/github-enterprise-cloud-trial/capture.json",
        "hashed_secret": "8fdb4f028109ad9bc414dcb47262e0e49451d5c8",
        "is_verified": false,
        "line_number": 8
      },
      {
        "type": "Hex High Entropy String",
        "filename": "tests/fixtures/ingest/github/html/github-enterprise-cloud-trial/capture.json",
        "hashed_secret": "15cc128a15c5d64f766558e08e32a81294ac97d3",
        "is_verified": false,
        "line_number": 23
      },
      {
        "type": "Hex High Entropy String",
        "filename": "tests/fixtures/ingest/github/html/github-enterprise-cloud-trial/capture.json",
        "hashed_secret": "4fb6325645a720f7a83c470f9b9b139c04708424",
        "is_verified": false,
        "line_number": 24
      },
      {
        "type": "Hex High Entropy String",
        "filename": "tests/fixtures/ingest/github/html/github-enterprise-cloud-trial/capture.json",
        "hashed_secret": "eefdbf6f157df33fa8bb7a7dde202db3f652dd90",
        "is_verified": false,
        "line_number": 26
      },
      {
        "type": "Hex High Entropy String",
        "filename": "tests/fixtures/ingest/github/html/github-enterprise-cloud-trial/capture.json",
        "hashed_secret": "5d439d716fe8c8ca83922afb172b18d71f249b6b",
        "is_verified": false,
        "line_number": 28
      },
      {
        "type": "Hex High Entropy String",
        "filename": "tests/fixtures/ingest/github/html/github-enterprise-cloud-trial/capture.json",
        "hashed_secret": "834ffd793c87981ca257eb42b31dee1b7a15dded",
        "is_verified": false,
        "line_number": 29
      },
      {
        "type": "Hex High Entropy String",
        "filename": "tests/fixtures/ingest/github/html/github-enterprise-cloud-trial/capture.json",
        "hashed_secret": "47c80b0a1e8e6a960dd01902d2ab629bc3d51301",
        "is_verified": false,
        "line_number": 30
      },
      {
        "type": "Hex High Entropy String",
        "filename": "tests/fixtures/ingest/github/html/github-enterprise-cloud-trial/capture.json",
        "hashed_secret": "8cadf8ef478d7aa5285135229edc1286f01469fc",
        "is_verified": false,
        "line_number": 31
      }
    ],
    "tests/fixtures/ingest/github/html/github-packages-billing/capture.json": [
      {
        "type": "Hex High Entropy String",
        "filename": "tests/fixtures/ingest/github/html/github-packages-billing/capture.json",
        "hashed_secret": "d33dc16ecb520177fc415adf113e89a44ea3a619",
        "is_verified": false,
        "line_number": 6
      },
      {
        "type": "Hex High Entropy String",
        "filename": "tests/fixtures/ingest/github/html/github-packages-billing/capture.json",
        "hashed_secret": "35eeb09b5f029040752b1ff8c4b53d2f25d853ce",
        "is_verified": false,
        "line_number": 8
      },
      {
        "type": "Hex High Entropy String",
        "filename": "tests/fixtures/ingest/github/html/github-packages-billing/capture.json",
        "hashed_secret": "076ae652e742853741072c8dec52d1f03cbf9cf5",
        "is_verified": false,
        "line_number": 34
      },
      {
        "type": "Hex High Entropy String",
        "filename": "tests/fixtures/ingest/github/html/github-packages-billing/capture.json",
        "hashed_secret": "cee3a635156fccad892b05faaeb5a4b7b11c598b",
        "is_verified": false,
        "line_number": 35
      },
      {
        "type": "Hex High Entropy String",
        "filename": "tests/fixtures/ingest/github/html/github-packages-billing/capture.json",
        "hashed_secret": "8e0300c6c355552b42e61681fe839b3800b0a5cf",
        "is_verified": false,
        "line_number": 36
      },
      {
        "type": "Hex High Entropy String",
        "filename": "tests/fixtures/ingest/github/html/github-packages-billing/capture.json",
        "hashed_secret": "a8c276ad39024d3a44dd57afdf2bd2a793a54196",
        "is_verified": false,
        "line_number": 38
      }
    ],
    "tests/fixtures/ingest/github/html/github-pages-limits/capture.json": [
      {
        "type": "Hex High Entropy String",
        "filename": "tests/fixtures/ingest/github/html/github-pages-limits/capture.json",
        "hashed_secret": "8c39421b8840f07ec7c071f560009b70ae7d3309",
        "is_verified": false,
        "line_number": 6
      },
      {
        "type": "Hex High Entropy String",
        "filename": "tests/fixtures/ingest/github/html/github-pages-limits/capture.json",
        "hashed_secret": "3f1bd353412fdcdb21fd8bfcdff320cf8725be4e",
        "is_verified": false,
        "line_number": 8
      },
      {
        "type": "Hex High Entropy String",
        "filename": "tests/fixtures/ingest/github/html/github-pages-limits/capture.json",
        "hashed_secret": "96b10e3fea08fe1e0837f2b580a549827246d3dc",
        "is_verified": false,
        "line_number": 24
      },
      {
        "type": "Hex High Entropy String",
        "filename": "tests/fixtures/ingest/github/html/github-pages-limits/capture.json",
        "hashed_secret": "972b25fb387c9a266fbd23a38d1c888edfb69051",
        "is_verified": false,
        "line_number": 25
      },
      {
        "type": "Hex High Entropy String",
        "filename": "tests/fixtures/ingest/github/html/github-pages-limits/capture.json",
        "hashed_secret": "72ddba27c73558b10e696e4b753992c665669488",
        "is_verified": false,
        "line_number": 26
      },
      {
        "type": "Hex High Entropy String",
        "filename": "tests/fixtures/ingest/github/html/github-pages-limits/capture.json",
        "hashed_secret": "47518a80073e5c15d0ad79abc7ec66fbbe70461f",
        "is_verified": false,
        "line_number": 27
      },
      {
        "type": "Hex High Entropy String",
        "filename": "tests/fixtures/ingest/github/html/github-pages-limits/capture.json",
        "hashed_secret": "cee844a9092ccc8e1e61ee736495bbb0ab120865",
        "is_verified": false,
        "line_number": 28
      },
      {
        "type": "Hex High Entropy String",
        "filename": "tests/fixtures/ingest/github/html/github-pages-limits/capture.json",
        "hashed_secret": "450e5654595316aca999ec01e5069029a71812e8",
        "is_verified": false,
        "line_number": 29
      },
      {
        "type": "Hex High Entropy String",
        "filename": "tests/fixtures/ingest/github/html/github-pages-limits/capture.json",
        "hashed_secret": "2305ea5dd4666dc91ba469e7bca3964655687a7f",
        "is_verified": false,
        "line_number": 30
      },
      {
        "type": "Hex High Entropy String",
        "filename": "tests/fixtures/ingest/github/html/github-pages-limits/capture.json",
        "hashed_secret": "a9518bae8108cf8d673a5d7bf93803f957dcc0a4",
        "is_verified": false,
        "line_number": 31
      },
      {
        "type": "Hex High Entropy String",
        "filename": "tests/fixtures/ingest/github/html/github-pages-limits/capture.json",
        "hashed_secret": "c8338e8a9dcabfb9368b91efdc700361cbf22fa6",
        "is_verified": false,
        "line_number": 32
      }
    ],
    "tests/fixtures/ingest/github/html/malformed/capture.json": [
      {
        "type": "Hex High Entropy String",
        "filename": "tests/fixtures/ingest/github/html/malformed/capture.json",
        "hashed_secret": "91af29f0c7c98757d3b57b638667b895bc4df28d",
        "is_verified": false,
        "line_number": 11
      }
    ],
    "tests/fixtures/ingest/github/html/partial/capture.json": [
      {
        "type": "Hex High Entropy String",
        "filename": "tests/fixtures/ingest/github/html/partial/capture.json",
        "hashed_secret": "0745d4ba8ea6f17d7dea170eb597eb293bd31d25",
        "is_verified": false,
        "line_number": 11
      }
    ],
    "tests/fixtures/ingest/github/html/unchanged/capture.json": [
      {
        "type": "Hex High Entropy String",
        "filename": "tests/fixtures/ingest/github/html/unchanged/capture.json",
        "hashed_secret": "76850206694941edb605b0032dd6112216e39654",
        "is_verified": false,
        "line_number": 11
      }
    ],
    "tests/fixtures/ingest/vercel/html/changed/capture.json": [
      {
        "type": "Hex High Entropy String",
        "filename": "tests/fixtures/ingest/vercel/html/changed/capture.json",
        "hashed_secret": "7def0c5cfa3c780a1863ddc2860f556a8db97b56",
        "is_verified": false,
        "line_number": 6
      },
      {
        "type": "Hex High Entropy String",
        "filename": "tests/fixtures/ingest/vercel/html/changed/capture.json",
        "hashed_secret": "a4e8e1dcd7dd1c7e4f2582e6302a7809ab4e9e63",
        "is_verified": false,
        "line_number": 7
      }
    ],
    "tests/fixtures/ingest/vercel/html/contradictory/capture.json": [
      {
        "type": "Hex High Entropy String",
        "filename": "tests/fixtures/ingest/vercel/html/contradictory/capture.json",
        "hashed_secret": "7def0c5cfa3c780a1863ddc2860f556a8db97b56",
        "is_verified": false,
        "line_number": 6
      },
      {
        "type": "Hex High Entropy String",
        "filename": "tests/fixtures/ingest/vercel/html/contradictory/capture.json",
        "hashed_secret": "ea7cd43ac19165d19fc60151e1a84f41ac05059e",
        "is_verified": false,
        "line_number": 7
      }
    ],
    "tests/fixtures/ingest/vercel/html/malformed/capture.json": [
      {
        "type": "Hex High Entropy String",
        "filename": "tests/fixtures/ingest/vercel/html/malformed/capture.json",
        "hashed_secret": "7def0c5cfa3c780a1863ddc2860f556a8db97b56",
        "is_verified": false,
        "line_number": 6
      },
      {
        "type": "Hex High Entropy String",
        "filename": "tests/fixtures/ingest/vercel/html/malformed/capture.json",
        "hashed_secret": "cb668f469d57bafb290c40f4e9a9f93eaf1cd4c7",
        "is_verified": false,
        "line_number": 7
      }
    ],
    "tests/fixtures/ingest/vercel/html/partial/capture.json": [
      {
        "type": "Hex High Entropy String",
        "filename": "tests/fixtures/ingest/vercel/html/partial/capture.json",
        "hashed_secret": "7def0c5cfa3c780a1863ddc2860f556a8db97b56",
        "is_verified": false,
        "line_number": 6
      },
      {
        "type": "Hex High Entropy String",
        "filename": "tests/fixtures/ingest/vercel/html/partial/capture.json",
        "hashed_secret": "3b1c13dc6510df2375ceef6ead14caec08c32536",
        "is_verified": false,
        "line_number": 7
      }
    ],
    "tests/fixtures/ingest/vercel/html/unchanged/capture.json": [
      {
        "type": "Hex High Entropy String",
        "filename": "tests/fixtures/ingest/vercel/html/unchanged/capture.json",
        "hashed_secret": "7def0c5cfa3c780a1863ddc2860f556a8db97b56",
        "is_verified": false,
        "line_number": 6
      },
      {
        "type": "Hex High Entropy String",
        "filename": "tests/fixtures/ingest/vercel/html/unchanged/capture.json",
        "hashed_secret": "7d4ed681a1aca21d3d4cc91d5a1420265f918aab",
        "is_verified": false,
        "line_number": 7
      }
    ],
    "tests/fixtures/ingest/vercel/html/vercel-hobby-plan/capture.json": [
      {
        "type": "Hex High Entropy String",
        "filename": "tests/fixtures/ingest/vercel/html/vercel-hobby-plan/capture.json",
        "hashed_secret": "144f95e99c4add7ea5f56dab5bcd248efe257181",
        "is_verified": false,
        "line_number": 6
      },
      {
        "type": "Hex High Entropy String",
        "filename": "tests/fixtures/ingest/vercel/html/vercel-hobby-plan/capture.json",
        "hashed_secret": "eb3fbc336e488027b041cb9d2ed53fa07c9a4571",
        "is_verified": false,
        "line_number": 7
      },
      {
        "type": "Hex High Entropy String",
        "filename": "tests/fixtures/ingest/vercel/html/vercel-hobby-plan/capture.json",
        "hashed_secret": "dc90103ff0474080a1dbdafbf74b03af6132331a",
        "is_verified": false,
        "line_number": 32
      },
      {
        "type": "Hex High Entropy String",
        "filename": "tests/fixtures/ingest/vercel/html/vercel-hobby-plan/capture.json",
        "hashed_secret": "b4bb64f5d8601fb762776fd51a1b68bf11e6115b",
        "is_verified": false,
        "line_number": 33
      },
      {
        "type": "Hex High Entropy String",
        "filename": "tests/fixtures/ingest/vercel/html/vercel-hobby-plan/capture.json",
        "hashed_secret": "687d0608d854dcdbb3178ea327ad264cfca10283",
        "is_verified": false,
        "line_number": 34
      },
      {
        "type": "Hex High Entropy String",
        "filename": "tests/fixtures/ingest/vercel/html/vercel-hobby-plan/capture.json",
        "hashed_secret": "1d84a5fa57ef2994eb595652e08bf3512eb68267",
        "is_verified": false,
        "line_number": 35
      }
    ],
    "tests/fixtures/ingest/vercel/html/vercel-pro-trial/capture.json": [
      {
        "type": "Hex High Entropy String",
        "filename": "tests/fixtures/ingest/vercel/html/vercel-pro-trial/capture.json",
        "hashed_secret": "4ad76deadb00c0fe458803a6b71f5e59b3c2b702",
        "is_verified": false,
        "line_number": 6
      },
      {
        "type": "Hex High Entropy String",
        "filename": "tests/fixtures/ingest/vercel/html/vercel-pro-trial/capture.json",
        "hashed_secret": "4042e58b3a486740828b5ebce7f264a27df189e1",
        "is_verified": false,
        "line_number": 7
      },
      {
        "type": "Hex High Entropy String",
        "filename": "tests/fixtures/ingest/vercel/html/vercel-pro-trial/capture.json",
        "hashed_secret": "082430f1ded47d0fb84a7f021b2d6c635352336d",
        "is_verified": false,
        "line_number": 29
      },
      {
        "type": "Hex High Entropy String",
        "filename": "tests/fixtures/ingest/vercel/html/vercel-pro-trial/capture.json",
        "hashed_secret": "efeb8d07551cbb8554224c2e494027db072134ee",
        "is_verified": false,
        "line_number": 30
      },
      {
        "type": "Hex High Entropy String",
        "filename": "tests/fixtures/ingest/vercel/html/vercel-pro-trial/capture.json",
        "hashed_secret": "96bcd4342848afbe6b0aa15fd57d0de1ee169be7",
        "is_verified": false,
        "line_number": 31
      },
      {
        "type": "Hex High Entropy String",
        "filename": "tests/fixtures/ingest/vercel/html/vercel-pro-trial/capture.json",
        "hashed_secret": "b0de99af47f3cbbb5eb90a4e529862522e9ef6dc",
        "is_verified": false,
        "line_number": 32
      }
    ],
    "tests/fixtures/ingest/vercel/html/vercel-sandbox-pricing/capture.json": [
      {
        "type": "Hex High Entropy String",
        "filename": "tests/fixtures/ingest/vercel/html/vercel-sandbox-pricing/capture.json",
        "hashed_secret": "7def0c5cfa3c780a1863ddc2860f556a8db97b56",
        "is_verified": false,
        "line_number": 6
      },
      {
        "type": "Hex High Entropy String",
        "filename": "tests/fixtures/ingest/vercel/html/vercel-sandbox-pricing/capture.json",
        "hashed_secret": "f45947d324b4cf003ce1e15435567fc47380e6eb",
        "is_verified": false,
        "line_number": 7
      },
      {
        "type": "Hex High Entropy String",
        "filename": "tests/fixtures/ingest/vercel/html/vercel-sandbox-pricing/capture.json",
        "hashed_secret": "29edda8b9ce561521b5ed6c281d636f8120664f7",
        "is_verified": false,
        "line_number": 27
      },
      {
        "type": "Hex High Entropy String",
        "filename": "tests/fixtures/ingest/vercel/html/vercel-sandbox-pricing/capture.json",
        "hashed_secret": "969b57b56c6930ab6769767963a51353866b3d51",
        "is_verified": false,
        "line_number": 28
      },
      {
        "type": "Hex High Entropy String",
        "filename": "tests/fixtures/ingest/vercel/html/vercel-sandbox-pricing/capture.json",
        "hashed_secret": "f3d8d7fa7493d840672bdee2e92cf523567e5fad",
        "is_verified": false,
        "line_number": 29
      },
      {
        "type": "Hex High Entropy String",
        "filename": "tests/fixtures/ingest/vercel/html/vercel-sandbox-pricing/capture.json",
        "hashed_secret": "276fb9c5f060bbfc31ba33066e3359583376c20e",
        "is_verified": false,
        "line_number": 30
      }
    ]
  },
  "generated_at": "2026-08-13T21:11:28Z"
}
