{
  "version": "1.5.0",
  "plugins_used": [
    {
      "name": "ArtifactoryDetector"
    },
    {
      "name": "AWSKeyDetector"
    },
    {
      "name": "AzureStorageKeyDetector"
    },
    {
      "name": "Base64HighEntropyString",
      "limit": 4.5
    },
    {
      "name": "BasicAuthDetector"
    },
    {
      "name": "CloudantDetector"
    },
    {
      "name": "DiscordBotTokenDetector"
    },
    {
      "name": "GitHubTokenDetector"
    },
    {
      "name": "GitLabTokenDetector"
    },
    {
      "name": "HexHighEntropyString",
      "limit": 3.0
    },
    {
      "name": "IbmCloudIamDetector"
    },
    {
      "name": "IbmCosHmacDetector"
    },
    {
      "name": "IPPublicDetector"
    },
    {
      "name": "JwtTokenDetector"
    },
    {
      "name": "KeywordDetector",
      "keyword_exclude": ""
    },
    {
      "name": "MailchimpDetector"
    },
    {
      "name": "NpmDetector"
    },
    {
      "name": "OpenAIDetector"
    },
    {
      "name": "PrivateKeyDetector"
    },
    {
      "name": "PypiTokenDetector"
    },
    {
      "name": "SendGridDetector"
    },
    {
      "name": "SlackDetector"
    },
    {
      "name": "SoftlayerDetector"
    },
    {
      "name": "SquareOAuthDetector"
    },
    {
      "name": "StripeDetector"
    },
    {
      "name": "TelegramBotTokenDetector"
    },
    {
      "name": "TwilioKeyDetector"
    }
  ],
  "filters_used": [
    {
      "path": "detect_secrets.filters.allowlist.is_line_allowlisted"
    },
    {
      "path": "detect_secrets.filters.common.is_ignored_due_to_verification_policies",
      "min_level": 2
    },
    {
      "path": "detect_secrets.filters.heuristic.is_indirect_reference"
    },
    {
      "path": "detect_secrets.filters.heuristic.is_likely_id_string"
    },
    {
      "path": "detect_secrets.filters.heuristic.is_lock_file"
    },
    {
      "path": "detect_secrets.filters.heuristic.is_not_alphanumeric_string"
    },
    {
      "path": "detect_secrets.filters.heuristic.is_potential_uuid"
    },
    {
      "path": "detect_secrets.filters.heuristic.is_prefixed_with_dollar_sign"
    },
    {
      "path": "detect_secrets.filters.heuristic.is_sequential_string"
    },
    {
      "path": "detect_secrets.filters.heuristic.is_swagger_file"
    },
    {
      "path": "detect_secrets.filters.heuristic.is_templated_secret"
    },
    {
      "path": "detect_secrets.filters.regex.should_exclude_file",
      "pattern": [
        "(^|[/\\\\])\\.venv[/\\\\]",
        "(^|[/\\\\])node_modules[/\\\\]",
        "(^|[/\\\\])\\.git[/\\\\]",
        "(^|[/\\\\])agent-state[/\\\\]"
      ]
    }
  ],
  "results": {
    "config/examples/llm-providers.example.yaml": [
      {
        "type": "Secret Keyword",
        "filename": "config/examples/llm-providers.example.yaml",
        "hashed_secret": "3e10d010e7dfb478858d30459fa03f3824340d47",
        "is_verified": false,
        "line_number": 32
      },
      {
        "type": "Secret Keyword",
        "filename": "config/examples/llm-providers.example.yaml",
        "hashed_secret": "02ecb94373bfb3dfe827ca18409f50b016e8302a",
        "is_verified": false,
        "line_number": 36
      },
      {
        "type": "Secret Keyword",
        "filename": "config/examples/llm-providers.example.yaml",
        "hashed_secret": "f8ca0d7266886f4b5be9adddc9b66017b3bf1a4b",
        "is_verified": false,
        "line_number": 39
      }
    ],
    "tests/fixtures/ingest/cloudflare/html/cloudflare-pages-limits/capture.json": [
      {
        "type": "Hex High Entropy String",
        "filename": "tests/fixtures/ingest/cloudflare/html/cloudflare-pages-limits/capture.json",
        "hashed_secret": "260a66efc16ae9004ca9ac82c9472cde1ec08fb5",
        "is_verified": false,
        "line_number": 7
      }
    ],
    "tests/fixtures/ingest/cloudflare/html/cloudflare-workers-limits/capture.json": [
      {
        "type": "Hex High Entropy String",
        "filename": "tests/fixtures/ingest/cloudflare/html/cloudflare-workers-limits/capture.json",
        "hashed_secret": "11e1edb9eba665c931a84fd1b6376984f6e4b540",
        "is_verified": false,
        "line_number": 7
      }
    ],
    "tests/fixtures/ingest/github/html/changed/capture.json": [
      {
        "type": "Hex High Entropy String",
        "filename": "tests/fixtures/ingest/github/html/changed/capture.json",
        "hashed_secret": "fa129986f4d8f89251597959e724c4a68c11e1d4",
        "is_verified": false,
        "line_number": 7
      }
    ],
    "tests/fixtures/ingest/github/html/contradictory/capture.json": [
      {
        "type": "Hex High Entropy String",
        "filename": "tests/fixtures/ingest/github/html/contradictory/capture.json",
        "hashed_secret": "b92df0455721f8e16fbfc141451a293af2e9a452",
        "is_verified": false,
        "line_number": 7
      }
    ],
    "tests/fixtures/ingest/github/html/github-actions-billing/capture.json": [
      {
        "type": "Hex High Entropy String",
        "filename": "tests/fixtures/ingest/github/html/github-actions-billing/capture.json",
        "hashed_secret": "63465da6c1962754f9e22d31825ff066758ab02a",
        "is_verified": false,
        "line_number": 7
      }
    ],
    "tests/fixtures/ingest/github/html/github-codespaces-billing/capture.json": [
      {
        "type": "Hex High Entropy String",
        "filename": "tests/fixtures/ingest/github/html/github-codespaces-billing/capture.json",
        "hashed_secret": "4f6404d2307a898bef1b7a747686e989643605d3",
        "is_verified": false,
        "line_number": 7
      }
    ],
    "tests/fixtures/ingest/github/html/github-enterprise-cloud-trial/capture.json": [
      {
        "type": "Hex High Entropy String",
        "filename": "tests/fixtures/ingest/github/html/github-enterprise-cloud-trial/capture.json",
        "hashed_secret": "2548447335ff6d3c1e5bbbb5cab4c8285eaf57f9",
        "is_verified": false,
        "line_number": 7
      }
    ],
    "tests/fixtures/ingest/github/html/github-packages-billing/capture.json": [
      {
        "type": "Hex High Entropy String",
        "filename": "tests/fixtures/ingest/github/html/github-packages-billing/capture.json",
        "hashed_secret": "e0479b6e87bcca9943a5145baa70063b1eaf387e",
        "is_verified": false,
        "line_number": 7
      }
    ],
    "tests/fixtures/ingest/github/html/github-pages-limits/capture.json": [
      {
        "type": "Hex High Entropy String",
        "filename": "tests/fixtures/ingest/github/html/github-pages-limits/capture.json",
        "hashed_secret": "4cc179a852c6642f703c691dd5003bdf88d8dfaa",
        "is_verified": false,
        "line_number": 7
      }
    ],
    "tests/fixtures/ingest/github/html/malformed/capture.json": [
      {
        "type": "Hex High Entropy String",
        "filename": "tests/fixtures/ingest/github/html/malformed/capture.json",
        "hashed_secret": "13e2b396a265bff3e333d63c53faa4bd42b6bd89",
        "is_verified": false,
        "line_number": 7
      }
    ],
    "tests/fixtures/ingest/github/html/partial/capture.json": [
      {
        "type": "Hex High Entropy String",
        "filename": "tests/fixtures/ingest/github/html/partial/capture.json",
        "hashed_secret": "1448def1093013ebc97a3ffa69b399479d9fc6fe",
        "is_verified": false,
        "line_number": 7
      }
    ],
    "tests/fixtures/ingest/github/html/unchanged/capture.json": [
      {
        "type": "Hex High Entropy String",
        "filename": "tests/fixtures/ingest/github/html/unchanged/capture.json",
        "hashed_secret": "ddee09cd22b60b9691ba4a4f2fd80367e4bc402b",
        "is_verified": false,
        "line_number": 7
      }
    ],
    "tests/fixtures/ingest/vercel/html/changed/capture.json": [
      {
        "type": "Hex High Entropy String",
        "filename": "tests/fixtures/ingest/vercel/html/changed/capture.json",
        "hashed_secret": "a0eece9898616d16ecf73fc44fd5f0d608741112",
        "is_verified": false,
        "line_number": 7
      }
    ],
    "tests/fixtures/ingest/vercel/html/contradictory/capture.json": [
      {
        "type": "Hex High Entropy String",
        "filename": "tests/fixtures/ingest/vercel/html/contradictory/capture.json",
        "hashed_secret": "c600c5d42140eaf02e8f00df7861052dc3a98160",
        "is_verified": false,
        "line_number": 7
      }
    ],
    "tests/fixtures/ingest/vercel/html/malformed/capture.json": [
      {
        "type": "Hex High Entropy String",
        "filename": "tests/fixtures/ingest/vercel/html/malformed/capture.json",
        "hashed_secret": "545130756d6ec5cb3b4f70e826f01086f116153e",
        "is_verified": false,
        "line_number": 7
      }
    ],
    "tests/fixtures/ingest/vercel/html/partial/capture.json": [
      {
        "type": "Hex High Entropy String",
        "filename": "tests/fixtures/ingest/vercel/html/partial/capture.json",
        "hashed_secret": "61b449ff0f107e994953e02672128772d2cfa112",
        "is_verified": false,
        "line_number": 7
      }
    ],
    "tests/fixtures/ingest/vercel/html/unchanged/capture.json": [
      {
        "type": "Hex High Entropy String",
        "filename": "tests/fixtures/ingest/vercel/html/unchanged/capture.json",
        "hashed_secret": "b523fccd4077bb50ecbbb21fbb8054331d0b2e37",
        "is_verified": false,
        "line_number": 7
      }
    ],
    "tests/fixtures/ingest/vercel/html/vercel-ai-gateway-promotion/capture.json": [
      {
        "type": "Hex High Entropy String",
        "filename": "tests/fixtures/ingest/vercel/html/vercel-ai-gateway-promotion/capture.json",
        "hashed_secret": "a1e4f3363d9c007f6a3f3292dd5f8f30bd0295f2",
        "is_verified": false,
        "line_number": 7
      }
    ],
    "tests/fixtures/ingest/vercel/html/vercel-blob-pricing/capture.json": [
      {
        "type": "Hex High Entropy String",
        "filename": "tests/fixtures/ingest/vercel/html/vercel-blob-pricing/capture.json",
        "hashed_secret": "d58ba6f68a6e974b8807bfe521dfd22bba980e6a",
        "is_verified": false,
        "line_number": 7
      }
    ],
    "tests/fixtures/ingest/vercel/html/vercel-hobby-plan/capture.json": [
      {
        "type": "Hex High Entropy String",
        "filename": "tests/fixtures/ingest/vercel/html/vercel-hobby-plan/capture.json",
        "hashed_secret": "8203ef736976e9ccebe614eb0eb203ee52b8dc00",
        "is_verified": false,
        "line_number": 7
      }
    ],
    "tests/fixtures/ingest/vercel/html/vercel-pro-trial/capture.json": [
      {
        "type": "Hex High Entropy String",
        "filename": "tests/fixtures/ingest/vercel/html/vercel-pro-trial/capture.json",
        "hashed_secret": "608e2344435e966963ae8dfd7c1095ba2e6fd745",
        "is_verified": false,
        "line_number": 7
      }
    ],
    "tests/fixtures/ingest/vercel/html/vercel-queues-pricing/capture.json": [
      {
        "type": "Hex High Entropy String",
        "filename": "tests/fixtures/ingest/vercel/html/vercel-queues-pricing/capture.json",
        "hashed_secret": "991959f7481bed79a8cf9ae63a7eee91ab882afa",
        "is_verified": false,
        "line_number": 7
      }
    ],
    "tests/fixtures/ingest/vercel/html/vercel-storage-boundary/capture.json": [
      {
        "type": "Hex High Entropy String",
        "filename": "tests/fixtures/ingest/vercel/html/vercel-storage-boundary/capture.json",
        "hashed_secret": "3c607eade22eec98a72279e35855b1b943f65637",
        "is_verified": false,
        "line_number": 7
      }
    ]
  },
  "generated_at": "2026-07-13T04:20:58Z"
}
