{
  "version": "1.5.0",
  "plugins_used": [
    {
      "name": "ArtifactoryDetector"
    },
    {
      "name": "AWSKeyDetector"
    },
    {
      "name": "AzureStorageKeyDetector"
    },
    {
      "name": "Base64HighEntropyString",
      "limit": 4.5
    },
    {
      "name": "BasicAuthDetector"
    },
    {
      "name": "CloudantDetector"
    },
    {
      "name": "DiscordBotTokenDetector"
    },
    {
      "name": "GitHubTokenDetector"
    },
    {
      "name": "GitLabTokenDetector"
    },
    {
      "name": "HexHighEntropyString",
      "limit": 3.0
    },
    {
      "name": "IbmCloudIamDetector"
    },
    {
      "name": "IbmCosHmacDetector"
    },
    {
      "name": "IPPublicDetector"
    },
    {
      "name": "JwtTokenDetector"
    },
    {
      "name": "KeywordDetector",
      "keyword_exclude": ""
    },
    {
      "name": "MailchimpDetector"
    },
    {
      "name": "NpmDetector"
    },
    {
      "name": "OpenAIDetector"
    },
    {
      "name": "PrivateKeyDetector"
    },
    {
      "name": "PypiTokenDetector"
    },
    {
      "name": "SendGridDetector"
    },
    {
      "name": "SlackDetector"
    },
    {
      "name": "SoftlayerDetector"
    },
    {
      "name": "SquareOAuthDetector"
    },
    {
      "name": "StripeDetector"
    },
    {
      "name": "TelegramBotTokenDetector"
    },
    {
      "name": "TwilioKeyDetector"
    }
  ],
  "filters_used": [
    {
      "path": "detect_secrets.filters.allowlist.is_line_allowlisted"
    },
    {
      "path": "detect_secrets.filters.common.is_ignored_due_to_verification_policies",
      "min_level": 2
    },
    {
      "path": "detect_secrets.filters.heuristic.is_indirect_reference"
    },
    {
      "path": "detect_secrets.filters.heuristic.is_likely_id_string"
    },
    {
      "path": "detect_secrets.filters.heuristic.is_lock_file"
    },
    {
      "path": "detect_secrets.filters.heuristic.is_not_alphanumeric_string"
    },
    {
      "path": "detect_secrets.filters.heuristic.is_potential_uuid"
    },
    {
      "path": "detect_secrets.filters.heuristic.is_prefixed_with_dollar_sign"
    },
    {
      "path": "detect_secrets.filters.heuristic.is_sequential_string"
    },
    {
      "path": "detect_secrets.filters.heuristic.is_swagger_file"
    },
    {
      "path": "detect_secrets.filters.heuristic.is_templated_secret"
    },
    {
      "path": "detect_secrets.filters.regex.should_exclude_file",
      "pattern": [
        "(^|[/\\\\])\\.venv[/\\\\]",
        "(^|[/\\\\])node_modules[/\\\\]",
        "(^|[/\\\\])\\.git[/\\\\]",
        "(^|[/\\\\])agent-state[/\\\\]"
      ]
    }
  ],
  "results": {
    "config/examples/llm-providers.example.yaml": [
      {
        "type": "Secret Keyword",
        "filename": "config/examples/llm-providers.example.yaml",
        "hashed_secret": "3e10d010e7dfb478858d30459fa03f3824340d47",
        "is_verified": false,
        "line_number": 32
      },
      {
        "type": "Secret Keyword",
        "filename": "config/examples/llm-providers.example.yaml",
        "hashed_secret": "02ecb94373bfb3dfe827ca18409f50b016e8302a",
        "is_verified": false,
        "line_number": 36
      },
      {
        "type": "Secret Keyword",
        "filename": "config/examples/llm-providers.example.yaml",
        "hashed_secret": "f8ca0d7266886f4b5be9adddc9b66017b3bf1a4b",
        "is_verified": false,
        "line_number": 39
      }
    ],
    "tests/fixtures/ingest/aws/html/aws-12-month-free-tier/capture.json": [
      {
        "type": "Hex High Entropy String",
        "filename": "tests/fixtures/ingest/aws/html/aws-12-month-free-tier/capture.json",
        "hashed_secret": "662d53dc460b1df87026b2f44cd61bb0d5e2b6d2",
        "is_verified": false,
        "line_number": 6
      },
      {
        "type": "Hex High Entropy String",
        "filename": "tests/fixtures/ingest/aws/html/aws-12-month-free-tier/capture.json",
        "hashed_secret": "39ed99b9c5358d90fd1baeaa0302399054ecfe04",
        "is_verified": false,
        "line_number": 8
      },
      {
        "type": "Hex High Entropy String",
        "filename": "tests/fixtures/ingest/aws/html/aws-12-month-free-tier/capture.json",
        "hashed_secret": "eef31fdd5d68724649b8bdff430549ed3ca58fd9",
        "is_verified": false,
        "line_number": 32
      },
      {
        "type": "Hex High Entropy String",
        "filename": "tests/fixtures/ingest/aws/html/aws-12-month-free-tier/capture.json",
        "hashed_secret": "e40c6612bd48474d90aa6da3d58709c20bccd239",
        "is_verified": false,
        "line_number": 34
      },
      {
        "type": "Hex High Entropy String",
        "filename": "tests/fixtures/ingest/aws/html/aws-12-month-free-tier/capture.json",
        "hashed_secret": "33608bf84c47eeaf442332c3cea7a36f880a93a1",
        "is_verified": false,
        "line_number": 36
      },
      {
        "type": "Hex High Entropy String",
        "filename": "tests/fixtures/ingest/aws/html/aws-12-month-free-tier/capture.json",
        "hashed_secret": "0d71ab4151e52db445c8b0a996061443bba95c8a",
        "is_verified": false,
        "line_number": 37
      },
      {
        "type": "Hex High Entropy String",
        "filename": "tests/fixtures/ingest/aws/html/aws-12-month-free-tier/capture.json",
        "hashed_secret": "7cadae7ebd4c6c96a2a10573fb05d7cb27322da2",
        "is_verified": false,
        "line_number": 38
      }
    ],
    "tests/fixtures/ingest/aws/html/aws-api-gateway-free-tier/capture.json": [
      {
        "type": "Hex High Entropy String",
        "filename": "tests/fixtures/ingest/aws/html/aws-api-gateway-free-tier/capture.json",
        "hashed_secret": "0446050dd0aa90184b8f0bc6a609ca9b67486abc",
        "is_verified": false,
        "line_number": 6
      },
      {
        "type": "Hex High Entropy String",
        "filename": "tests/fixtures/ingest/aws/html/aws-api-gateway-free-tier/capture.json",
        "hashed_secret": "45f61abd61d56adf3df92289b3b0f68ce0bc6bb2",
        "is_verified": false,
        "line_number": 8
      },
      {
        "type": "Hex High Entropy String",
        "filename": "tests/fixtures/ingest/aws/html/aws-api-gateway-free-tier/capture.json",
        "hashed_secret": "e178d66c071df936c460690057c493d3ca35eecf",
        "is_verified": false,
        "line_number": 29
      },
      {
        "type": "Hex High Entropy String",
        "filename": "tests/fixtures/ingest/aws/html/aws-api-gateway-free-tier/capture.json",
        "hashed_secret": "ff11d5c854f4b7ef4087b5f74cf5b7971c4d9252",
        "is_verified": false,
        "line_number": 30
      },
      {
        "type": "Hex High Entropy String",
        "filename": "tests/fixtures/ingest/aws/html/aws-api-gateway-free-tier/capture.json",
        "hashed_secret": "b466d90cf71d1ddc90f198304b860925afc5a33a",
        "is_verified": false,
        "line_number": 34
      }
    ],
    "tests/fixtures/ingest/aws/html/aws-dynamodb-free-tier/capture.json": [
      {
        "type": "Hex High Entropy String",
        "filename": "tests/fixtures/ingest/aws/html/aws-dynamodb-free-tier/capture.json",
        "hashed_secret": "8bf6698da97871a3d393f3e4c4f6bf2bca54b11a",
        "is_verified": false,
        "line_number": 6
      },
      {
        "type": "Hex High Entropy String",
        "filename": "tests/fixtures/ingest/aws/html/aws-dynamodb-free-tier/capture.json",
        "hashed_secret": "56f172fe8357383affefa0bbef0e6531467fdc8d",
        "is_verified": false,
        "line_number": 8
      },
      {
        "type": "Hex High Entropy String",
        "filename": "tests/fixtures/ingest/aws/html/aws-dynamodb-free-tier/capture.json",
        "hashed_secret": "e6f151d3803c195e3e81425d9f07f412c8768fad",
        "is_verified": false,
        "line_number": 27
      },
      {
        "type": "Hex High Entropy String",
        "filename": "tests/fixtures/ingest/aws/html/aws-dynamodb-free-tier/capture.json",
        "hashed_secret": "436b2adb0a8fdefebb554987ed424d7442e0e547",
        "is_verified": false,
        "line_number": 28
      },
      {
        "type": "Hex High Entropy String",
        "filename": "tests/fixtures/ingest/aws/html/aws-dynamodb-free-tier/capture.json",
        "hashed_secret": "f6df18595d108273852582306716c103273f14b9",
        "is_verified": false,
        "line_number": 30
      },
      {
        "type": "Hex High Entropy String",
        "filename": "tests/fixtures/ingest/aws/html/aws-dynamodb-free-tier/capture.json",
        "hashed_secret": "0b92147afc67b864eefee3920f8be6d75d647aee",
        "is_verified": false,
        "line_number": 31
      },
      {
        "type": "Hex High Entropy String",
        "filename": "tests/fixtures/ingest/aws/html/aws-dynamodb-free-tier/capture.json",
        "hashed_secret": "64505bcdd3db23ba73888bc9058d529ba464cb03",
        "is_verified": false,
        "line_number": 32
      },
      {
        "type": "Hex High Entropy String",
        "filename": "tests/fixtures/ingest/aws/html/aws-dynamodb-free-tier/capture.json",
        "hashed_secret": "19d3e2361f6615dd0219d3e2c5ea0ed0d0be063e",
        "is_verified": false,
        "line_number": 33
      },
      {
        "type": "Hex High Entropy String",
        "filename": "tests/fixtures/ingest/aws/html/aws-dynamodb-free-tier/capture.json",
        "hashed_secret": "1a1a9d24e83758077d803bdc8d6fcfec15d4a9cd",
        "is_verified": false,
        "line_number": 34
      },
      {
        "type": "Hex High Entropy String",
        "filename": "tests/fixtures/ingest/aws/html/aws-dynamodb-free-tier/capture.json",
        "hashed_secret": "786af5cbc418208e6da176c2fe79657803c7afd6",
        "is_verified": false,
        "line_number": 35
      },
      {
        "type": "Hex High Entropy String",
        "filename": "tests/fixtures/ingest/aws/html/aws-dynamodb-free-tier/capture.json",
        "hashed_secret": "a3c9cc0a870f6eeaf3a4d7babbef6b69428eb287",
        "is_verified": false,
        "line_number": 36
      }
    ],
    "tests/fixtures/ingest/aws/html/aws-free-plan/capture.json": [
      {
        "type": "Hex High Entropy String",
        "filename": "tests/fixtures/ingest/aws/html/aws-free-plan/capture.json",
        "hashed_secret": "c000da64add797545c0d4db90aa94431f246d627",
        "is_verified": false,
        "line_number": 6
      },
      {
        "type": "Hex High Entropy String",
        "filename": "tests/fixtures/ingest/aws/html/aws-free-plan/capture.json",
        "hashed_secret": "af735e25921fd8f4eeb1207ff920d31166dc2b24",
        "is_verified": false,
        "line_number": 8
      },
      {
        "type": "Hex High Entropy String",
        "filename": "tests/fixtures/ingest/aws/html/aws-free-plan/capture.json",
        "hashed_secret": "ac66b9304c7d1819e410143f38aaf6775389029c",
        "is_verified": false,
        "line_number": 27
      },
      {
        "type": "Hex High Entropy String",
        "filename": "tests/fixtures/ingest/aws/html/aws-free-plan/capture.json",
        "hashed_secret": "6b08364de917895103154b0670d731ade04a2629",
        "is_verified": false,
        "line_number": 28
      },
      {
        "type": "Hex High Entropy String",
        "filename": "tests/fixtures/ingest/aws/html/aws-free-plan/capture.json",
        "hashed_secret": "a9e6950ac897e3d2ebce467570391c3eef8d5238",
        "is_verified": false,
        "line_number": 30
      },
      {
        "type": "Hex High Entropy String",
        "filename": "tests/fixtures/ingest/aws/html/aws-free-plan/capture.json",
        "hashed_secret": "90267719674c148310306c48222153ade0bccbb5",
        "is_verified": false,
        "line_number": 32
      },
      {
        "type": "Hex High Entropy String",
        "filename": "tests/fixtures/ingest/aws/html/aws-free-plan/capture.json",
        "hashed_secret": "841e2f8d0cc083c8e608a0647f2b9e0c600211ed",
        "is_verified": false,
        "line_number": 33
      },
      {
        "type": "Hex High Entropy String",
        "filename": "tests/fixtures/ingest/aws/html/aws-free-plan/capture.json",
        "hashed_secret": "8d10b253ad1a3b522f4220a91b669edf12063090",
        "is_verified": false,
        "line_number": 34
      },
      {
        "type": "Hex High Entropy String",
        "filename": "tests/fixtures/ingest/aws/html/aws-free-plan/capture.json",
        "hashed_secret": "4a636fd26fc6d13d4c0d0908f38f7ebd1b5ee7d7",
        "is_verified": false,
        "line_number": 35
      },
      {
        "type": "Hex High Entropy String",
        "filename": "tests/fixtures/ingest/aws/html/aws-free-plan/capture.json",
        "hashed_secret": "4b8e03e6cd2189d7ad05b819857a7a3536307279",
        "is_verified": false,
        "line_number": 36
      }
    ],
    "tests/fixtures/ingest/aws/html/aws-free-tier-plan/capture.json": [
      {
        "type": "Hex High Entropy String",
        "filename": "tests/fixtures/ingest/aws/html/aws-free-tier-plan/capture.json",
        "hashed_secret": "db24195def5d94ca1153869e37225d345d79cee2",
        "is_verified": false,
        "line_number": 6
      },
      {
        "type": "Hex High Entropy String",
        "filename": "tests/fixtures/ingest/aws/html/aws-free-tier-plan/capture.json",
        "hashed_secret": "8457d0879f41077bbad63f20d8a72bac00b52f31",
        "is_verified": false,
        "line_number": 8
      },
      {
        "type": "Hex High Entropy String",
        "filename": "tests/fixtures/ingest/aws/html/aws-free-tier-plan/capture.json",
        "hashed_secret": "6d02618aaa801d7fd6df17a12eee0646aa71de66",
        "is_verified": false,
        "line_number": 27
      },
      {
        "type": "Hex High Entropy String",
        "filename": "tests/fixtures/ingest/aws/html/aws-free-tier-plan/capture.json",
        "hashed_secret": "50c868c4845b97a1ca1ea0a7389f918a66700cb5",
        "is_verified": false,
        "line_number": 28
      },
      {
        "type": "Hex High Entropy String",
        "filename": "tests/fixtures/ingest/aws/html/aws-free-tier-plan/capture.json",
        "hashed_secret": "b46ec41b0093fbbd40659ce4a3d51381b9f4178e",
        "is_verified": false,
        "line_number": 32
      }
    ],
    "tests/fixtures/ingest/aws/html/aws-step-functions-free-tier/capture.json": [
      {
        "type": "Hex High Entropy String",
        "filename": "tests/fixtures/ingest/aws/html/aws-step-functions-free-tier/capture.json",
        "hashed_secret": "d1fa040f8d21568b873cf9832d0815679a4d6e42",
        "is_verified": false,
        "line_number": 6
      },
      {
        "type": "Hex High Entropy String",
        "filename": "tests/fixtures/ingest/aws/html/aws-step-functions-free-tier/capture.json",
        "hashed_secret": "7fb6c2d108e7cc7374a0a1a49b9098526b7233fb",
        "is_verified": false,
        "line_number": 8
      },
      {
        "type": "Hex High Entropy String",
        "filename": "tests/fixtures/ingest/aws/html/aws-step-functions-free-tier/capture.json",
        "hashed_secret": "aa79dcdcf7cb30430cfd9e6cb8fd2bc7e0e6ba8e",
        "is_verified": false,
        "line_number": 27
      },
      {
        "type": "Hex High Entropy String",
        "filename": "tests/fixtures/ingest/aws/html/aws-step-functions-free-tier/capture.json",
        "hashed_secret": "616fc72bd2f92c2dcf6a1d0e6c0c8a96a9689b1b",
        "is_verified": false,
        "line_number": 28
      },
      {
        "type": "Hex High Entropy String",
        "filename": "tests/fixtures/ingest/aws/html/aws-step-functions-free-tier/capture.json",
        "hashed_secret": "16b819325505c92a36428b484085b2b8ea3d188a",
        "is_verified": false,
        "line_number": 30
      },
      {
        "type": "Hex High Entropy String",
        "filename": "tests/fixtures/ingest/aws/html/aws-step-functions-free-tier/capture.json",
        "hashed_secret": "ee7dea9848fca061d808eccc9de2501b75bda33d",
        "is_verified": false,
        "line_number": 32
      }
    ],
    "tests/fixtures/ingest/aws/html/changed/capture.json": [
      {
        "type": "Hex High Entropy String",
        "filename": "tests/fixtures/ingest/aws/html/changed/capture.json",
        "hashed_secret": "3a13d3f4e569e10a163108a409f44921ffa7c45e",
        "is_verified": false,
        "line_number": 12
      }
    ],
    "tests/fixtures/ingest/aws/html/contradictory/capture.json": [
      {
        "type": "Hex High Entropy String",
        "filename": "tests/fixtures/ingest/aws/html/contradictory/capture.json",
        "hashed_secret": "a2f5808c91a3f3625663d42b5c9a9be72f512c63",
        "is_verified": false,
        "line_number": 12
      }
    ],
    "tests/fixtures/ingest/aws/html/malformed/capture.json": [
      {
        "type": "Hex High Entropy String",
        "filename": "tests/fixtures/ingest/aws/html/malformed/capture.json",
        "hashed_secret": "5902afdc55eb80e25b6c93c6cb29c83c8ae43b66",
        "is_verified": false,
        "line_number": 12
      }
    ],
    "tests/fixtures/ingest/aws/html/partial/capture.json": [
      {
        "type": "Hex High Entropy String",
        "filename": "tests/fixtures/ingest/aws/html/partial/capture.json",
        "hashed_secret": "5869c514b01a213037f682a0f0cb99385cf7caa5",
        "is_verified": false,
        "line_number": 12
      }
    ],
    "tests/fixtures/ingest/aws/html/unchanged/capture.json": [
      {
        "type": "Hex High Entropy String",
        "filename": "tests/fixtures/ingest/aws/html/unchanged/capture.json",
        "hashed_secret": "8457d0879f41077bbad63f20d8a72bac00b52f31",
        "is_verified": false,
        "line_number": 12
      }
    ],
    "tests/fixtures/ingest/azure/html/azure-app-service-quotas/capture.json": [
      {
        "type": "Hex High Entropy String",
        "filename": "tests/fixtures/ingest/azure/html/azure-app-service-quotas/capture.json",
        "hashed_secret": "ec43441bce6eeab058e474b219de05a585cdb9b2",
        "is_verified": false,
        "line_number": 18
      },
      {
        "type": "Hex High Entropy String",
        "filename": "tests/fixtures/ingest/azure/html/azure-app-service-quotas/capture.json",
        "hashed_secret": "62c121740b92ea86b80ad5cf53aa157b63f5e8a1",
        "is_verified": false,
        "line_number": 20
      },
      {
        "type": "Hex High Entropy String",
        "filename": "tests/fixtures/ingest/azure/html/azure-app-service-quotas/capture.json",
        "hashed_secret": "c879af27119debfc310c81c6ac86a50da07eb375",
        "is_verified": false,
        "line_number": 24
      },
      {
        "type": "Hex High Entropy String",
        "filename": "tests/fixtures/ingest/azure/html/azure-app-service-quotas/capture.json",
        "hashed_secret": "8182445c571d90d1e5a68594023d1024f9e0a9c6",
        "is_verified": false,
        "line_number": 25
      },
      {
        "type": "Hex High Entropy String",
        "filename": "tests/fixtures/ingest/azure/html/azure-app-service-quotas/capture.json",
        "hashed_secret": "c0efbb265bc31346a75c783a4b5c4d0cd3ee9037",
        "is_verified": false,
        "line_number": 27
      },
      {
        "type": "Hex High Entropy String",
        "filename": "tests/fixtures/ingest/azure/html/azure-app-service-quotas/capture.json",
        "hashed_secret": "2d4d0fd775a640c3bce15348bdfb40c899d2433e",
        "is_verified": false,
        "line_number": 29
      },
      {
        "type": "Hex High Entropy String",
        "filename": "tests/fixtures/ingest/azure/html/azure-app-service-quotas/capture.json",
        "hashed_secret": "696c4a0c1d1e478bef51e37a4f03909acdbe4d88",
        "is_verified": false,
        "line_number": 30
      },
      {
        "type": "Hex High Entropy String",
        "filename": "tests/fixtures/ingest/azure/html/azure-app-service-quotas/capture.json",
        "hashed_secret": "e9e0c8cab7090d10be8fcf0554b922534fa452e4",
        "is_verified": false,
        "line_number": 31
      },
      {
        "type": "Hex High Entropy String",
        "filename": "tests/fixtures/ingest/azure/html/azure-app-service-quotas/capture.json",
        "hashed_secret": "76c86f0746b13169ea5b182aec83d476265f7ae0",
        "is_verified": false,
        "line_number": 32
      }
    ],
    "tests/fixtures/ingest/azure/html/azure-cosmos-db-free-tier/capture.json": [
      {
        "type": "Hex High Entropy String",
        "filename": "tests/fixtures/ingest/azure/html/azure-cosmos-db-free-tier/capture.json",
        "hashed_secret": "5a426af71d19cbe54efa49cc8ef30fc2951dadc1",
        "is_verified": false,
        "line_number": 18
      },
      {
        "type": "Hex High Entropy String",
        "filename": "tests/fixtures/ingest/azure/html/azure-cosmos-db-free-tier/capture.json",
        "hashed_secret": "e43b047c2f7562e30e0b4b303da947db3ec89a3a",
        "is_verified": false,
        "line_number": 20
      },
      {
        "type": "Hex High Entropy String",
        "filename": "tests/fixtures/ingest/azure/html/azure-cosmos-db-free-tier/capture.json",
        "hashed_secret": "ee299f4b18f95d88d56234bbb280d408e1b7091c",
        "is_verified": false,
        "line_number": 24
      },
      {
        "type": "Hex High Entropy String",
        "filename": "tests/fixtures/ingest/azure/html/azure-cosmos-db-free-tier/capture.json",
        "hashed_secret": "301d7419d58e6cc2cb6d4bfb17e3dc5ba5f2d59b",
        "is_verified": false,
        "line_number": 25
      },
      {
        "type": "Hex High Entropy String",
        "filename": "tests/fixtures/ingest/azure/html/azure-cosmos-db-free-tier/capture.json",
        "hashed_secret": "9764230543ff4986d171d5b05f37926581c08877",
        "is_verified": false,
        "line_number": 27
      },
      {
        "type": "Hex High Entropy String",
        "filename": "tests/fixtures/ingest/azure/html/azure-cosmos-db-free-tier/capture.json",
        "hashed_secret": "ff2814020a68c9e5ed17055c20db4fee03720af7",
        "is_verified": false,
        "line_number": 31
      },
      {
        "type": "Hex High Entropy String",
        "filename": "tests/fixtures/ingest/azure/html/azure-cosmos-db-free-tier/capture.json",
        "hashed_secret": "c5be095948103fe3913a8b069e52e7558f7fd264",
        "is_verified": false,
        "line_number": 32
      },
      {
        "type": "Hex High Entropy String",
        "filename": "tests/fixtures/ingest/azure/html/azure-cosmos-db-free-tier/capture.json",
        "hashed_secret": "fbbda87a5fd3619880b3aeb1f43750bf7e1d74f0",
        "is_verified": false,
        "line_number": 33
      }
    ],
    "tests/fixtures/ingest/azure/html/azure-devops-services/capture.json": [
      {
        "type": "Hex High Entropy String",
        "filename": "tests/fixtures/ingest/azure/html/azure-devops-services/capture.json",
        "hashed_secret": "30d1dda5456d8e1d1ec4e0ff92153c2c206cff63",
        "is_verified": false,
        "line_number": 18
      },
      {
        "type": "Hex High Entropy String",
        "filename": "tests/fixtures/ingest/azure/html/azure-devops-services/capture.json",
        "hashed_secret": "4019b15363f2c5b04b64ef387d9d68869f07b504",
        "is_verified": false,
        "line_number": 20
      },
      {
        "type": "Hex High Entropy String",
        "filename": "tests/fixtures/ingest/azure/html/azure-devops-services/capture.json",
        "hashed_secret": "52b8ee146de9a464bd939f2a3177a7ba33d7d5b5",
        "is_verified": false,
        "line_number": 24
      },
      {
        "type": "Hex High Entropy String",
        "filename": "tests/fixtures/ingest/azure/html/azure-devops-services/capture.json",
        "hashed_secret": "7e64551d05989f6e246c1e2935f9ff7571cd177d",
        "is_verified": false,
        "line_number": 25
      },
      {
        "type": "Hex High Entropy String",
        "filename": "tests/fixtures/ingest/azure/html/azure-devops-services/capture.json",
        "hashed_secret": "cc1807241677c15b696ebf5d06039531164f83a2",
        "is_verified": false,
        "line_number": 27
      },
      {
        "type": "Hex High Entropy String",
        "filename": "tests/fixtures/ingest/azure/html/azure-devops-services/capture.json",
        "hashed_secret": "26d8a038be812a12f26b04248e3bc5088728bb5b",
        "is_verified": false,
        "line_number": 28
      },
      {
        "type": "Hex High Entropy String",
        "filename": "tests/fixtures/ingest/azure/html/azure-devops-services/capture.json",
        "hashed_secret": "ee710ce6d470a134fa56ebf21d59eca8723ec568",
        "is_verified": false,
        "line_number": 29
      }
    ],
    "tests/fixtures/ingest/azure/html/azure-free-account/capture.json": [
      {
        "type": "Hex High Entropy String",
        "filename": "tests/fixtures/ingest/azure/html/azure-free-account/capture.json",
        "hashed_secret": "8bdcf042bed83a62d42ae3970d3ac03303644f23",
        "is_verified": false,
        "line_number": 18
      },
      {
        "type": "Hex High Entropy String",
        "filename": "tests/fixtures/ingest/azure/html/azure-free-account/capture.json",
        "hashed_secret": "0ead62d59b968f1acfd6cad920d39c47db9a5499",
        "is_verified": false,
        "line_number": 20
      },
      {
        "type": "Hex High Entropy String",
        "filename": "tests/fixtures/ingest/azure/html/azure-free-account/capture.json",
        "hashed_secret": "9f88633dca94356f2ef1620de5740a0432cb8b25",
        "is_verified": false,
        "line_number": 24
      },
      {
        "type": "Hex High Entropy String",
        "filename": "tests/fixtures/ingest/azure/html/azure-free-account/capture.json",
        "hashed_secret": "94bb12263892321f2ce59d7e3ab7ebceebcf3880",
        "is_verified": false,
        "line_number": 25
      },
      {
        "type": "Hex High Entropy String",
        "filename": "tests/fixtures/ingest/azure/html/azure-free-account/capture.json",
        "hashed_secret": "e921c272a6b193093150c86a45e3c63f3ffa25bd",
        "is_verified": false,
        "line_number": 30
      },
      {
        "type": "Hex High Entropy String",
        "filename": "tests/fixtures/ingest/azure/html/azure-free-account/capture.json",
        "hashed_secret": "af16d6e41f6beb8dc87ee90a1f1e48fe39db9f34",
        "is_verified": false,
        "line_number": 31
      },
      {
        "type": "Hex High Entropy String",
        "filename": "tests/fixtures/ingest/azure/html/azure-free-account/capture.json",
        "hashed_secret": "55eb406db5f053e6d8467ef3de5d1807c18f471b",
        "is_verified": false,
        "line_number": 33
      },
      {
        "type": "Hex High Entropy String",
        "filename": "tests/fixtures/ingest/azure/html/azure-free-account/capture.json",
        "hashed_secret": "8262b45c96a23b6451bd9cde94345f3463a53d97",
        "is_verified": false,
        "line_number": 34
      },
      {
        "type": "Hex High Entropy String",
        "filename": "tests/fixtures/ingest/azure/html/azure-free-account/capture.json",
        "hashed_secret": "17bfb06886681251aeae08be34470e114db34634",
        "is_verified": false,
        "line_number": 36
      },
      {
        "type": "Hex High Entropy String",
        "filename": "tests/fixtures/ingest/azure/html/azure-free-account/capture.json",
        "hashed_secret": "e5803542d6a307899fe3decda6f212318e53b950",
        "is_verified": false,
        "line_number": 37
      }
    ],
    "tests/fixtures/ingest/azure/html/azure-free-services/capture.json": [
      {
        "type": "Hex High Entropy String",
        "filename": "tests/fixtures/ingest/azure/html/azure-free-services/capture.json",
        "hashed_secret": "8821c6d6a0f37401cff0cd1020f9c64dae23ced3",
        "is_verified": false,
        "line_number": 18
      },
      {
        "type": "Hex High Entropy String",
        "filename": "tests/fixtures/ingest/azure/html/azure-free-services/capture.json",
        "hashed_secret": "2d3c629b6efd05dbb3ae8011932c9f7889c3d0cc",
        "is_verified": false,
        "line_number": 20
      },
      {
        "type": "Hex High Entropy String",
        "filename": "tests/fixtures/ingest/azure/html/azure-free-services/capture.json",
        "hashed_secret": "246b8aa0d955cda832d3a7dbfcc26df599d37a1f",
        "is_verified": false,
        "line_number": 24
      },
      {
        "type": "Hex High Entropy String",
        "filename": "tests/fixtures/ingest/azure/html/azure-free-services/capture.json",
        "hashed_secret": "e4ad2002a99496afd3ff20360776aec2492ff1e4",
        "is_verified": false,
        "line_number": 28
      },
      {
        "type": "Hex High Entropy String",
        "filename": "tests/fixtures/ingest/azure/html/azure-free-services/capture.json",
        "hashed_secret": "559613922a892295e3b00fd3db3448f3944b71a1",
        "is_verified": false,
        "line_number": 29
      }
    ],
    "tests/fixtures/ingest/azure/html/azure-static-web-apps-plans/capture.json": [
      {
        "type": "Hex High Entropy String",
        "filename": "tests/fixtures/ingest/azure/html/azure-static-web-apps-plans/capture.json",
        "hashed_secret": "20d2d28ea6639f628fb8121eda7759d617164b32",
        "is_verified": false,
        "line_number": 18
      },
      {
        "type": "Hex High Entropy String",
        "filename": "tests/fixtures/ingest/azure/html/azure-static-web-apps-plans/capture.json",
        "hashed_secret": "02448f204da2791e11d0c7a254165f5274210422",
        "is_verified": false,
        "line_number": 20
      },
      {
        "type": "Hex High Entropy String",
        "filename": "tests/fixtures/ingest/azure/html/azure-static-web-apps-plans/capture.json",
        "hashed_secret": "862b3ddc688d444a83182af44eee3e416e6e78f9",
        "is_verified": false,
        "line_number": 24
      },
      {
        "type": "Hex High Entropy String",
        "filename": "tests/fixtures/ingest/azure/html/azure-static-web-apps-plans/capture.json",
        "hashed_secret": "f1f3cf98bdecdc254662e8e44fa74fd61cf3e028",
        "is_verified": false,
        "line_number": 25
      },
      {
        "type": "Hex High Entropy String",
        "filename": "tests/fixtures/ingest/azure/html/azure-static-web-apps-plans/capture.json",
        "hashed_secret": "b09d36663138d6a1586a7be1cff92413b9270459",
        "is_verified": false,
        "line_number": 27
      }
    ],
    "tests/fixtures/ingest/azure/html/azure-students/capture.json": [
      {
        "type": "Hex High Entropy String",
        "filename": "tests/fixtures/ingest/azure/html/azure-students/capture.json",
        "hashed_secret": "d569025850706dfe9563299989d23277cc790901",
        "is_verified": false,
        "line_number": 20
      },
      {
        "type": "Hex High Entropy String",
        "filename": "tests/fixtures/ingest/azure/html/azure-students/capture.json",
        "hashed_secret": "f434eef687aa9dfc517379fe77ac7687bf1cac11",
        "is_verified": false,
        "line_number": 22
      },
      {
        "type": "Hex High Entropy String",
        "filename": "tests/fixtures/ingest/azure/html/azure-students/capture.json",
        "hashed_secret": "e4035bb25146bcf037fb120ef314f47f20c503b1",
        "is_verified": false,
        "line_number": 26
      },
      {
        "type": "Hex High Entropy String",
        "filename": "tests/fixtures/ingest/azure/html/azure-students/capture.json",
        "hashed_secret": "de123620671ff0d8738e7dbb73895a84ec0dcf0d",
        "is_verified": false,
        "line_number": 27
      },
      {
        "type": "Hex High Entropy String",
        "filename": "tests/fixtures/ingest/azure/html/azure-students/capture.json",
        "hashed_secret": "4fa651e277fd9809238e7d73861bd5d2debb8e7a",
        "is_verified": false,
        "line_number": 29
      },
      {
        "type": "Hex High Entropy String",
        "filename": "tests/fixtures/ingest/azure/html/azure-students/capture.json",
        "hashed_secret": "118db30917abc24a2262cabd453df918a14ce0bc",
        "is_verified": false,
        "line_number": 30
      },
      {
        "type": "Hex High Entropy String",
        "filename": "tests/fixtures/ingest/azure/html/azure-students/capture.json",
        "hashed_secret": "532dce67baeafc1d9a1a7c898fb0f579f6cc473a",
        "is_verified": false,
        "line_number": 31
      },
      {
        "type": "Hex High Entropy String",
        "filename": "tests/fixtures/ingest/azure/html/azure-students/capture.json",
        "hashed_secret": "809a2a5eda164f208d755f0c69dfb220347ac21c",
        "is_verified": false,
        "line_number": 32
      },
      {
        "type": "Hex High Entropy String",
        "filename": "tests/fixtures/ingest/azure/html/azure-students/capture.json",
        "hashed_secret": "cf2f53fb6e3e3a823fe5a4553702ea966b850e0f",
        "is_verified": false,
        "line_number": 33
      }
    ],
    "tests/fixtures/ingest/azure/html/changed/capture.json": [
      {
        "type": "Hex High Entropy String",
        "filename": "tests/fixtures/ingest/azure/html/changed/capture.json",
        "hashed_secret": "cab8c42e958c70910f2c83a9988ef8df33c13bd0",
        "is_verified": false,
        "line_number": 12
      }
    ],
    "tests/fixtures/ingest/azure/html/contradictory/capture.json": [
      {
        "type": "Hex High Entropy String",
        "filename": "tests/fixtures/ingest/azure/html/contradictory/capture.json",
        "hashed_secret": "416976f80d8daf3ee7b3dd0be88ec7691ef8a5a5",
        "is_verified": false,
        "line_number": 12
      }
    ],
    "tests/fixtures/ingest/azure/html/malformed/capture.json": [
      {
        "type": "Hex High Entropy String",
        "filename": "tests/fixtures/ingest/azure/html/malformed/capture.json",
        "hashed_secret": "76120d633f93c5a79f5ab194ea166013fadb0a2d",
        "is_verified": false,
        "line_number": 12
      }
    ],
    "tests/fixtures/ingest/azure/html/partial/capture.json": [
      {
        "type": "Hex High Entropy String",
        "filename": "tests/fixtures/ingest/azure/html/partial/capture.json",
        "hashed_secret": "07ab1e7ff259aa3be347857e5bfd75b2b5443ddd",
        "is_verified": false,
        "line_number": 12
      }
    ],
    "tests/fixtures/ingest/azure/html/unchanged/capture.json": [
      {
        "type": "Hex High Entropy String",
        "filename": "tests/fixtures/ingest/azure/html/unchanged/capture.json",
        "hashed_secret": "62c121740b92ea86b80ad5cf53aa157b63f5e8a1",
        "is_verified": false,
        "line_number": 12
      }
    ],
    "tests/fixtures/ingest/cloudflare/html/cloudflare-pages-limits/capture.json": [
      {
        "type": "Hex High Entropy String",
        "filename": "tests/fixtures/ingest/cloudflare/html/cloudflare-pages-limits/capture.json",
        "hashed_secret": "260a66efc16ae9004ca9ac82c9472cde1ec08fb5",
        "is_verified": false,
        "line_number": 7
      }
    ],
    "tests/fixtures/ingest/cloudflare/html/cloudflare-workers-limits/capture.json": [
      {
        "type": "Hex High Entropy String",
        "filename": "tests/fixtures/ingest/cloudflare/html/cloudflare-workers-limits/capture.json",
        "hashed_secret": "11e1edb9eba665c931a84fd1b6376984f6e4b540",
        "is_verified": false,
        "line_number": 7
      }
    ],
    "tests/fixtures/ingest/gcp/html/changed/capture.json": [
      {
        "type": "Hex High Entropy String",
        "filename": "tests/fixtures/ingest/gcp/html/changed/capture.json",
        "hashed_secret": "b351ca09f0d8a286dd8715b3359e578bea2a18bd",
        "is_verified": false,
        "line_number": 12
      }
    ],
    "tests/fixtures/ingest/gcp/html/contradictory/capture.json": [
      {
        "type": "Hex High Entropy String",
        "filename": "tests/fixtures/ingest/gcp/html/contradictory/capture.json",
        "hashed_secret": "d310c0afece9bd6b0d591e0d7623c7fbea71c98f",
        "is_verified": false,
        "line_number": 12
      }
    ],
    "tests/fixtures/ingest/gcp/html/gcp-bigquery-free-tier/capture.json": [
      {
        "type": "Hex High Entropy String",
        "filename": "tests/fixtures/ingest/gcp/html/gcp-bigquery-free-tier/capture.json",
        "hashed_secret": "952b0646c1e8faa9ebc0c97d1aa2e52bbf80d57f",
        "is_verified": false,
        "line_number": 6
      },
      {
        "type": "Hex High Entropy String",
        "filename": "tests/fixtures/ingest/gcp/html/gcp-bigquery-free-tier/capture.json",
        "hashed_secret": "efe53e10c33426c74cb6ad8643c4670a5c236b00",
        "is_verified": false,
        "line_number": 8
      },
      {
        "type": "Hex High Entropy String",
        "filename": "tests/fixtures/ingest/gcp/html/gcp-bigquery-free-tier/capture.json",
        "hashed_secret": "4a086de761350712124c23127e692d107be1663e",
        "is_verified": false,
        "line_number": 25
      },
      {
        "type": "Hex High Entropy String",
        "filename": "tests/fixtures/ingest/gcp/html/gcp-bigquery-free-tier/capture.json",
        "hashed_secret": "245505607149565460ee12405af1863fb0c7ecca",
        "is_verified": false,
        "line_number": 26
      }
    ],
    "tests/fixtures/ingest/gcp/html/gcp-firestore-free-tier/capture.json": [
      {
        "type": "Hex High Entropy String",
        "filename": "tests/fixtures/ingest/gcp/html/gcp-firestore-free-tier/capture.json",
        "hashed_secret": "a84b5c13c4451f9067c802ce5ffc0da2ee0e4229",
        "is_verified": false,
        "line_number": 6
      },
      {
        "type": "Hex High Entropy String",
        "filename": "tests/fixtures/ingest/gcp/html/gcp-firestore-free-tier/capture.json",
        "hashed_secret": "7ad25fe2fd4876e07f12c525b36ab0d530cfa55d",
        "is_verified": false,
        "line_number": 8
      },
      {
        "type": "Hex High Entropy String",
        "filename": "tests/fixtures/ingest/gcp/html/gcp-firestore-free-tier/capture.json",
        "hashed_secret": "36dd28cb8eaf9d5308b21bf582e4b245fb32e4e0",
        "is_verified": false,
        "line_number": 25
      },
      {
        "type": "Hex High Entropy String",
        "filename": "tests/fixtures/ingest/gcp/html/gcp-firestore-free-tier/capture.json",
        "hashed_secret": "1473be9669728a02b3c0c67ff13152be78a9c70d",
        "is_verified": false,
        "line_number": 26
      },
      {
        "type": "Hex High Entropy String",
        "filename": "tests/fixtures/ingest/gcp/html/gcp-firestore-free-tier/capture.json",
        "hashed_secret": "ba7fbab2e60cb2b00432602cba6684f18c076667",
        "is_verified": false,
        "line_number": 27
      },
      {
        "type": "Hex High Entropy String",
        "filename": "tests/fixtures/ingest/gcp/html/gcp-firestore-free-tier/capture.json",
        "hashed_secret": "d855ea682603c0bdbe6893162c4e3ddefa66800d",
        "is_verified": false,
        "line_number": 29
      },
      {
        "type": "Hex High Entropy String",
        "filename": "tests/fixtures/ingest/gcp/html/gcp-firestore-free-tier/capture.json",
        "hashed_secret": "3d9b942e8ffacfdb3c48ea10775f496808b5a641",
        "is_verified": false,
        "line_number": 30
      },
      {
        "type": "Hex High Entropy String",
        "filename": "tests/fixtures/ingest/gcp/html/gcp-firestore-free-tier/capture.json",
        "hashed_secret": "eb8eb0368b75ada0a057098257d833f8c3ee1b28",
        "is_verified": false,
        "line_number": 31
      }
    ],
    "tests/fixtures/ingest/gcp/html/gcp-free-tier-products/capture.json": [
      {
        "type": "Hex High Entropy String",
        "filename": "tests/fixtures/ingest/gcp/html/gcp-free-tier-products/capture.json",
        "hashed_secret": "041ba4a0f62ca92556c10fe1743a4f7b44809a7e",
        "is_verified": false,
        "line_number": 6
      },
      {
        "type": "Hex High Entropy String",
        "filename": "tests/fixtures/ingest/gcp/html/gcp-free-tier-products/capture.json",
        "hashed_secret": "fbd31e2331a4f3e3ec068155c0fba2b175ac326d",
        "is_verified": false,
        "line_number": 8
      },
      {
        "type": "Hex High Entropy String",
        "filename": "tests/fixtures/ingest/gcp/html/gcp-free-tier-products/capture.json",
        "hashed_secret": "9268268e9da2c8b315036dc043bc079fb1607af3",
        "is_verified": false,
        "line_number": 25
      },
      {
        "type": "Hex High Entropy String",
        "filename": "tests/fixtures/ingest/gcp/html/gcp-free-tier-products/capture.json",
        "hashed_secret": "9a51e737ec0aaf64892f4d57478894b8d7a1350e",
        "is_verified": false,
        "line_number": 26
      },
      {
        "type": "Hex High Entropy String",
        "filename": "tests/fixtures/ingest/gcp/html/gcp-free-tier-products/capture.json",
        "hashed_secret": "652c09df0519ffb8a33494ac2b00c73e03b278e6",
        "is_verified": false,
        "line_number": 27
      },
      {
        "type": "Hex High Entropy String",
        "filename": "tests/fixtures/ingest/gcp/html/gcp-free-tier-products/capture.json",
        "hashed_secret": "8077d32f9877bd6e55bcdc3fa956e5fadeb5bb4b",
        "is_verified": false,
        "line_number": 28
      },
      {
        "type": "Hex High Entropy String",
        "filename": "tests/fixtures/ingest/gcp/html/gcp-free-tier-products/capture.json",
        "hashed_secret": "56b444fa2a0db33e42fde40833f6efdf1dfc4a66",
        "is_verified": false,
        "line_number": 29
      }
    ],
    "tests/fixtures/ingest/gcp/html/gcp-free-tier-products/expected.json": [
      {
        "type": "Secret Keyword",
        "filename": "tests/fixtures/ingest/gcp/html/gcp-free-tier-products/expected.json",
        "hashed_secret": "7a149ff7d003850972be87d65bbaa7e26e01b71a",
        "is_verified": false,
        "line_number": 33
      }
    ],
    "tests/fixtures/ingest/gcp/html/gcp-free-trial/capture.json": [
      {
        "type": "Hex High Entropy String",
        "filename": "tests/fixtures/ingest/gcp/html/gcp-free-trial/capture.json",
        "hashed_secret": "041ba4a0f62ca92556c10fe1743a4f7b44809a7e",
        "is_verified": false,
        "line_number": 6
      },
      {
        "type": "Hex High Entropy String",
        "filename": "tests/fixtures/ingest/gcp/html/gcp-free-trial/capture.json",
        "hashed_secret": "374ac62aff5dc46156f25596f0c9e6dd378ad49f",
        "is_verified": false,
        "line_number": 8
      },
      {
        "type": "Hex High Entropy String",
        "filename": "tests/fixtures/ingest/gcp/html/gcp-free-trial/capture.json",
        "hashed_secret": "77420ad15cc55379a8b3d491d511705a4190cebf",
        "is_verified": false,
        "line_number": 25
      },
      {
        "type": "Hex High Entropy String",
        "filename": "tests/fixtures/ingest/gcp/html/gcp-free-trial/capture.json",
        "hashed_secret": "343b9de01c252942419c97923db2dca9d3852f88",
        "is_verified": false,
        "line_number": 28
      },
      {
        "type": "Hex High Entropy String",
        "filename": "tests/fixtures/ingest/gcp/html/gcp-free-trial/capture.json",
        "hashed_secret": "c309dd3f7ce05351fe2f8926bdfdc3bbd9736528",
        "is_verified": false,
        "line_number": 30
      },
      {
        "type": "Hex High Entropy String",
        "filename": "tests/fixtures/ingest/gcp/html/gcp-free-trial/capture.json",
        "hashed_secret": "becc6c833aae8f94917acc0bd742e2369aeac02b",
        "is_verified": false,
        "line_number": 31
      },
      {
        "type": "Hex High Entropy String",
        "filename": "tests/fixtures/ingest/gcp/html/gcp-free-trial/capture.json",
        "hashed_secret": "4e64fb8641dd69dd17f5c3a8ff6db050c82909a3",
        "is_verified": false,
        "line_number": 33
      }
    ],
    "tests/fixtures/ingest/gcp/html/malformed/capture.json": [
      {
        "type": "Hex High Entropy String",
        "filename": "tests/fixtures/ingest/gcp/html/malformed/capture.json",
        "hashed_secret": "70fc698b50637a1c385078b046d5cd6e72a89627",
        "is_verified": false,
        "line_number": 12
      }
    ],
    "tests/fixtures/ingest/gcp/html/partial/capture.json": [
      {
        "type": "Hex High Entropy String",
        "filename": "tests/fixtures/ingest/gcp/html/partial/capture.json",
        "hashed_secret": "0dbbbae9e3aaa02b7b80a9628bd6065201d4ed4f",
        "is_verified": false,
        "line_number": 12
      }
    ],
    "tests/fixtures/ingest/gcp/html/unchanged/capture.json": [
      {
        "type": "Hex High Entropy String",
        "filename": "tests/fixtures/ingest/gcp/html/unchanged/capture.json",
        "hashed_secret": "7ad25fe2fd4876e07f12c525b36ab0d530cfa55d",
        "is_verified": false,
        "line_number": 12
      }
    ],
    "tests/fixtures/ingest/github/html/changed/capture.json": [
      {
        "type": "Hex High Entropy String",
        "filename": "tests/fixtures/ingest/github/html/changed/capture.json",
        "hashed_secret": "8c35cb21d2299f4d61f837f646ca532ebd1dc326",
        "is_verified": false,
        "line_number": 11
      }
    ],
    "tests/fixtures/ingest/github/html/contradictory/capture.json": [
      {
        "type": "Hex High Entropy String",
        "filename": "tests/fixtures/ingest/github/html/contradictory/capture.json",
        "hashed_secret": "b40d4697e572cb5aef99d817ddb730672795d932",
        "is_verified": false,
        "line_number": 11
      }
    ],
    "tests/fixtures/ingest/github/html/github-actions-billing/capture.json": [
      {
        "type": "Hex High Entropy String",
        "filename": "tests/fixtures/ingest/github/html/github-actions-billing/capture.json",
        "hashed_secret": "6fde59a6f0a1ebb366aea9fdb7ad3b6883233443",
        "is_verified": false,
        "line_number": 6
      },
      {
        "type": "Hex High Entropy String",
        "filename": "tests/fixtures/ingest/github/html/github-actions-billing/capture.json",
        "hashed_secret": "76850206694941edb605b0032dd6112216e39654",
        "is_verified": false,
        "line_number": 8
      },
      {
        "type": "Hex High Entropy String",
        "filename": "tests/fixtures/ingest/github/html/github-actions-billing/capture.json",
        "hashed_secret": "d7a7bf1b1b952728c27d1d0317967632ef76b463",
        "is_verified": false,
        "line_number": 25
      },
      {
        "type": "Hex High Entropy String",
        "filename": "tests/fixtures/ingest/github/html/github-actions-billing/capture.json",
        "hashed_secret": "ca43ef66086572aa71b9b7e4aa85dc33111ce2d0",
        "is_verified": false,
        "line_number": 26
      },
      {
        "type": "Hex High Entropy String",
        "filename": "tests/fixtures/ingest/github/html/github-actions-billing/capture.json",
        "hashed_secret": "8e0300c6c355552b42e61681fe839b3800b0a5cf",
        "is_verified": false,
        "line_number": 27
      },
      {
        "type": "Hex High Entropy String",
        "filename": "tests/fixtures/ingest/github/html/github-actions-billing/capture.json",
        "hashed_secret": "da08be359a6372c0fc8010fd6430f8c6a834053e",
        "is_verified": false,
        "line_number": 29
      }
    ],
    "tests/fixtures/ingest/github/html/github-codespaces-billing/capture.json": [
      {
        "type": "Hex High Entropy String",
        "filename": "tests/fixtures/ingest/github/html/github-codespaces-billing/capture.json",
        "hashed_secret": "6996f0b8d349c8e52c065f01553fa7bd69191c5b",
        "is_verified": false,
        "line_number": 6
      },
      {
        "type": "Hex High Entropy String",
        "filename": "tests/fixtures/ingest/github/html/github-codespaces-billing/capture.json",
        "hashed_secret": "7a774ac676678c1bab478145bf9496ea50651c5f",
        "is_verified": false,
        "line_number": 8
      },
      {
        "type": "Hex High Entropy String",
        "filename": "tests/fixtures/ingest/github/html/github-codespaces-billing/capture.json",
        "hashed_secret": "68dd3853ef4b7fff244ef804de8331a310bed6f5",
        "is_verified": false,
        "line_number": 34
      },
      {
        "type": "Hex High Entropy String",
        "filename": "tests/fixtures/ingest/github/html/github-codespaces-billing/capture.json",
        "hashed_secret": "2a382ac207540525e88e75c0b5649cdf5f4f28a4",
        "is_verified": false,
        "line_number": 35
      },
      {
        "type": "Hex High Entropy String",
        "filename": "tests/fixtures/ingest/github/html/github-codespaces-billing/capture.json",
        "hashed_secret": "8e0300c6c355552b42e61681fe839b3800b0a5cf",
        "is_verified": false,
        "line_number": 37
      }
    ],
    "tests/fixtures/ingest/github/html/github-enterprise-cloud-trial/capture.json": [
      {
        "type": "Hex High Entropy String",
        "filename": "tests/fixtures/ingest/github/html/github-enterprise-cloud-trial/capture.json",
        "hashed_secret": "d03bb923f977f5f081b62a82b21a6a91d5045b10",
        "is_verified": false,
        "line_number": 6
      },
      {
        "type": "Hex High Entropy String",
        "filename": "tests/fixtures/ingest/github/html/github-enterprise-cloud-trial/capture.json",
        "hashed_secret": "8fdb4f028109ad9bc414dcb47262e0e49451d5c8",
        "is_verified": false,
        "line_number": 8
      },
      {
        "type": "Hex High Entropy String",
        "filename": "tests/fixtures/ingest/github/html/github-enterprise-cloud-trial/capture.json",
        "hashed_secret": "15cc128a15c5d64f766558e08e32a81294ac97d3",
        "is_verified": false,
        "line_number": 23
      },
      {
        "type": "Hex High Entropy String",
        "filename": "tests/fixtures/ingest/github/html/github-enterprise-cloud-trial/capture.json",
        "hashed_secret": "4fb6325645a720f7a83c470f9b9b139c04708424",
        "is_verified": false,
        "line_number": 24
      },
      {
        "type": "Hex High Entropy String",
        "filename": "tests/fixtures/ingest/github/html/github-enterprise-cloud-trial/capture.json",
        "hashed_secret": "eefdbf6f157df33fa8bb7a7dde202db3f652dd90",
        "is_verified": false,
        "line_number": 26
      },
      {
        "type": "Hex High Entropy String",
        "filename": "tests/fixtures/ingest/github/html/github-enterprise-cloud-trial/capture.json",
        "hashed_secret": "5d439d716fe8c8ca83922afb172b18d71f249b6b",
        "is_verified": false,
        "line_number": 28
      },
      {
        "type": "Hex High Entropy String",
        "filename": "tests/fixtures/ingest/github/html/github-enterprise-cloud-trial/capture.json",
        "hashed_secret": "834ffd793c87981ca257eb42b31dee1b7a15dded",
        "is_verified": false,
        "line_number": 29
      },
      {
        "type": "Hex High Entropy String",
        "filename": "tests/fixtures/ingest/github/html/github-enterprise-cloud-trial/capture.json",
        "hashed_secret": "47c80b0a1e8e6a960dd01902d2ab629bc3d51301",
        "is_verified": false,
        "line_number": 30
      },
      {
        "type": "Hex High Entropy String",
        "filename": "tests/fixtures/ingest/github/html/github-enterprise-cloud-trial/capture.json",
        "hashed_secret": "8cadf8ef478d7aa5285135229edc1286f01469fc",
        "is_verified": false,
        "line_number": 31
      }
    ],
    "tests/fixtures/ingest/github/html/github-packages-billing/capture.json": [
      {
        "type": "Hex High Entropy String",
        "filename": "tests/fixtures/ingest/github/html/github-packages-billing/capture.json",
        "hashed_secret": "d33dc16ecb520177fc415adf113e89a44ea3a619",
        "is_verified": false,
        "line_number": 6
      },
      {
        "type": "Hex High Entropy String",
        "filename": "tests/fixtures/ingest/github/html/github-packages-billing/capture.json",
        "hashed_secret": "35eeb09b5f029040752b1ff8c4b53d2f25d853ce",
        "is_verified": false,
        "line_number": 8
      },
      {
        "type": "Hex High Entropy String",
        "filename": "tests/fixtures/ingest/github/html/github-packages-billing/capture.json",
        "hashed_secret": "076ae652e742853741072c8dec52d1f03cbf9cf5",
        "is_verified": false,
        "line_number": 34
      },
      {
        "type": "Hex High Entropy String",
        "filename": "tests/fixtures/ingest/github/html/github-packages-billing/capture.json",
        "hashed_secret": "cee3a635156fccad892b05faaeb5a4b7b11c598b",
        "is_verified": false,
        "line_number": 35
      },
      {
        "type": "Hex High Entropy String",
        "filename": "tests/fixtures/ingest/github/html/github-packages-billing/capture.json",
        "hashed_secret": "8e0300c6c355552b42e61681fe839b3800b0a5cf",
        "is_verified": false,
        "line_number": 36
      },
      {
        "type": "Hex High Entropy String",
        "filename": "tests/fixtures/ingest/github/html/github-packages-billing/capture.json",
        "hashed_secret": "a8c276ad39024d3a44dd57afdf2bd2a793a54196",
        "is_verified": false,
        "line_number": 38
      }
    ],
    "tests/fixtures/ingest/github/html/github-pages-limits/capture.json": [
      {
        "type": "Hex High Entropy String",
        "filename": "tests/fixtures/ingest/github/html/github-pages-limits/capture.json",
        "hashed_secret": "8c39421b8840f07ec7c071f560009b70ae7d3309",
        "is_verified": false,
        "line_number": 6
      },
      {
        "type": "Hex High Entropy String",
        "filename": "tests/fixtures/ingest/github/html/github-pages-limits/capture.json",
        "hashed_secret": "3f1bd353412fdcdb21fd8bfcdff320cf8725be4e",
        "is_verified": false,
        "line_number": 8
      },
      {
        "type": "Hex High Entropy String",
        "filename": "tests/fixtures/ingest/github/html/github-pages-limits/capture.json",
        "hashed_secret": "96b10e3fea08fe1e0837f2b580a549827246d3dc",
        "is_verified": false,
        "line_number": 24
      },
      {
        "type": "Hex High Entropy String",
        "filename": "tests/fixtures/ingest/github/html/github-pages-limits/capture.json",
        "hashed_secret": "972b25fb387c9a266fbd23a38d1c888edfb69051",
        "is_verified": false,
        "line_number": 25
      },
      {
        "type": "Hex High Entropy String",
        "filename": "tests/fixtures/ingest/github/html/github-pages-limits/capture.json",
        "hashed_secret": "72ddba27c73558b10e696e4b753992c665669488",
        "is_verified": false,
        "line_number": 26
      },
      {
        "type": "Hex High Entropy String",
        "filename": "tests/fixtures/ingest/github/html/github-pages-limits/capture.json",
        "hashed_secret": "47518a80073e5c15d0ad79abc7ec66fbbe70461f",
        "is_verified": false,
        "line_number": 27
      },
      {
        "type": "Hex High Entropy String",
        "filename": "tests/fixtures/ingest/github/html/github-pages-limits/capture.json",
        "hashed_secret": "cee844a9092ccc8e1e61ee736495bbb0ab120865",
        "is_verified": false,
        "line_number": 28
      },
      {
        "type": "Hex High Entropy String",
        "filename": "tests/fixtures/ingest/github/html/github-pages-limits/capture.json",
        "hashed_secret": "450e5654595316aca999ec01e5069029a71812e8",
        "is_verified": false,
        "line_number": 29
      },
      {
        "type": "Hex High Entropy String",
        "filename": "tests/fixtures/ingest/github/html/github-pages-limits/capture.json",
        "hashed_secret": "2305ea5dd4666dc91ba469e7bca3964655687a7f",
        "is_verified": false,
        "line_number": 30
      },
      {
        "type": "Hex High Entropy String",
        "filename": "tests/fixtures/ingest/github/html/github-pages-limits/capture.json",
        "hashed_secret": "a9518bae8108cf8d673a5d7bf93803f957dcc0a4",
        "is_verified": false,
        "line_number": 31
      },
      {
        "type": "Hex High Entropy String",
        "filename": "tests/fixtures/ingest/github/html/github-pages-limits/capture.json",
        "hashed_secret": "c8338e8a9dcabfb9368b91efdc700361cbf22fa6",
        "is_verified": false,
        "line_number": 32
      }
    ],
    "tests/fixtures/ingest/github/html/malformed/capture.json": [
      {
        "type": "Hex High Entropy String",
        "filename": "tests/fixtures/ingest/github/html/malformed/capture.json",
        "hashed_secret": "91af29f0c7c98757d3b57b638667b895bc4df28d",
        "is_verified": false,
        "line_number": 11
      }
    ],
    "tests/fixtures/ingest/github/html/partial/capture.json": [
      {
        "type": "Hex High Entropy String",
        "filename": "tests/fixtures/ingest/github/html/partial/capture.json",
        "hashed_secret": "0745d4ba8ea6f17d7dea170eb597eb293bd31d25",
        "is_verified": false,
        "line_number": 11
      }
    ],
    "tests/fixtures/ingest/github/html/unchanged/capture.json": [
      {
        "type": "Hex High Entropy String",
        "filename": "tests/fixtures/ingest/github/html/unchanged/capture.json",
        "hashed_secret": "76850206694941edb605b0032dd6112216e39654",
        "is_verified": false,
        "line_number": 11
      }
    ],
    "tests/fixtures/ingest/oracle/html/changed/capture.json": [
      {
        "type": "Hex High Entropy String",
        "filename": "tests/fixtures/ingest/oracle/html/changed/capture.json",
        "hashed_secret": "901d0093a30eff53995e812dd1ea88c051765e67",
        "is_verified": false,
        "line_number": 12
      }
    ],
    "tests/fixtures/ingest/oracle/html/changed/expected.json": [
      {
        "type": "Secret Keyword",
        "filename": "tests/fixtures/ingest/oracle/html/changed/expected.json",
        "hashed_secret": "339c52b3490b1ef1ed5bd7e98512a541119bf12d",
        "is_verified": false,
        "line_number": 28
      }
    ],
    "tests/fixtures/ingest/oracle/html/contradictory/capture.json": [
      {
        "type": "Hex High Entropy String",
        "filename": "tests/fixtures/ingest/oracle/html/contradictory/capture.json",
        "hashed_secret": "feaa7d0c52c4da15f9418f4f8dd17ca6442ab874",
        "is_verified": false,
        "line_number": 12
      }
    ],
    "tests/fixtures/ingest/oracle/html/malformed/capture.json": [
      {
        "type": "Hex High Entropy String",
        "filename": "tests/fixtures/ingest/oracle/html/malformed/capture.json",
        "hashed_secret": "3c20d034b8b7cd37afc33053419d4b9be0afe9fd",
        "is_verified": false,
        "line_number": 12
      }
    ],
    "tests/fixtures/ingest/oracle/html/oracle-always-free-resources/capture.json": [
      {
        "type": "Hex High Entropy String",
        "filename": "tests/fixtures/ingest/oracle/html/oracle-always-free-resources/capture.json",
        "hashed_secret": "22cb2c307b373d9208176bbcf372f538dfad047f",
        "is_verified": false,
        "line_number": 22
      },
      {
        "type": "Hex High Entropy String",
        "filename": "tests/fixtures/ingest/oracle/html/oracle-always-free-resources/capture.json",
        "hashed_secret": "dfd2c2bc983a24aa202f6c7d1ec93e22f3d641b4",
        "is_verified": false,
        "line_number": 24
      },
      {
        "type": "Hex High Entropy String",
        "filename": "tests/fixtures/ingest/oracle/html/oracle-always-free-resources/capture.json",
        "hashed_secret": "fab250d5478247df96c045f4982d93615dab8619",
        "is_verified": false,
        "line_number": 28
      },
      {
        "type": "Hex High Entropy String",
        "filename": "tests/fixtures/ingest/oracle/html/oracle-always-free-resources/capture.json",
        "hashed_secret": "75bf251d217a660d982e132b7672f96cbdb2e44c",
        "is_verified": false,
        "line_number": 29
      },
      {
        "type": "Hex High Entropy String",
        "filename": "tests/fixtures/ingest/oracle/html/oracle-always-free-resources/capture.json",
        "hashed_secret": "8451ea3ff469ddf8c237a8a12edf52e43c10cd5f",
        "is_verified": false,
        "line_number": 31
      },
      {
        "type": "Hex High Entropy String",
        "filename": "tests/fixtures/ingest/oracle/html/oracle-always-free-resources/capture.json",
        "hashed_secret": "9d3e1f43136153a8e34061724bca39e1d1702a7e",
        "is_verified": false,
        "line_number": 33
      },
      {
        "type": "Hex High Entropy String",
        "filename": "tests/fixtures/ingest/oracle/html/oracle-always-free-resources/capture.json",
        "hashed_secret": "a5341e5ca1109f56c92a17b434299320dd34fedc",
        "is_verified": false,
        "line_number": 34
      },
      {
        "type": "Hex High Entropy String",
        "filename": "tests/fixtures/ingest/oracle/html/oracle-always-free-resources/capture.json",
        "hashed_secret": "7f46c55e287ab5d3ca3ca021a33093bcbcebf9d6",
        "is_verified": false,
        "line_number": 35
      },
      {
        "type": "Hex High Entropy String",
        "filename": "tests/fixtures/ingest/oracle/html/oracle-always-free-resources/capture.json",
        "hashed_secret": "b517ae692208d2df386fcee4fb71656906f7b940",
        "is_verified": false,
        "line_number": 36
      },
      {
        "type": "Hex High Entropy String",
        "filename": "tests/fixtures/ingest/oracle/html/oracle-always-free-resources/capture.json",
        "hashed_secret": "5f58cea39f23e0762ebb12212e6851b5f2b8c3ea",
        "is_verified": false,
        "line_number": 37
      },
      {
        "type": "Hex High Entropy String",
        "filename": "tests/fixtures/ingest/oracle/html/oracle-always-free-resources/capture.json",
        "hashed_secret": "0756666c1f2463d2dbc4a634dbaecd72ccca38f8",
        "is_verified": false,
        "line_number": 38
      },
      {
        "type": "Hex High Entropy String",
        "filename": "tests/fixtures/ingest/oracle/html/oracle-always-free-resources/capture.json",
        "hashed_secret": "a7e937b914f70af7d8e907cc14d53a59d150edf2",
        "is_verified": false,
        "line_number": 39
      },
      {
        "type": "Hex High Entropy String",
        "filename": "tests/fixtures/ingest/oracle/html/oracle-always-free-resources/capture.json",
        "hashed_secret": "30688301430a6949c91611c175072f31fdb26fc4",
        "is_verified": false,
        "line_number": 40
      },
      {
        "type": "Hex High Entropy String",
        "filename": "tests/fixtures/ingest/oracle/html/oracle-always-free-resources/capture.json",
        "hashed_secret": "c763f4ceff2817b348fb0296c7610b0fb50c1336",
        "is_verified": false,
        "line_number": 41
      },
      {
        "type": "Hex High Entropy String",
        "filename": "tests/fixtures/ingest/oracle/html/oracle-always-free-resources/capture.json",
        "hashed_secret": "9ff1836f1f9f1c39d7532330edb06692f08a186d",
        "is_verified": false,
        "line_number": 42
      },
      {
        "type": "Hex High Entropy String",
        "filename": "tests/fixtures/ingest/oracle/html/oracle-always-free-resources/capture.json",
        "hashed_secret": "f3a73668082fd59aed643a6ff4e3719bf1bbc03d",
        "is_verified": false,
        "line_number": 43
      },
      {
        "type": "Hex High Entropy String",
        "filename": "tests/fixtures/ingest/oracle/html/oracle-always-free-resources/capture.json",
        "hashed_secret": "73f3c01ddc13788f67c64dd6b314b2fe2dd1c0fd",
        "is_verified": false,
        "line_number": 44
      },
      {
        "type": "Hex High Entropy String",
        "filename": "tests/fixtures/ingest/oracle/html/oracle-always-free-resources/capture.json",
        "hashed_secret": "940edf34a044c23c2da9ce4318bf81c486610df8",
        "is_verified": false,
        "line_number": 45
      },
      {
        "type": "Hex High Entropy String",
        "filename": "tests/fixtures/ingest/oracle/html/oracle-always-free-resources/capture.json",
        "hashed_secret": "db76b1126f953ce31f0de1f9268215e710d77402",
        "is_verified": false,
        "line_number": 46
      },
      {
        "type": "Hex High Entropy String",
        "filename": "tests/fixtures/ingest/oracle/html/oracle-always-free-resources/capture.json",
        "hashed_secret": "b9becee565d37c215e497aec45bd76e3b2149c9b",
        "is_verified": false,
        "line_number": 47
      },
      {
        "type": "Hex High Entropy String",
        "filename": "tests/fixtures/ingest/oracle/html/oracle-always-free-resources/capture.json",
        "hashed_secret": "4c5af038f421fa73cc93f7020ac65605844a42bd",
        "is_verified": false,
        "line_number": 48
      },
      {
        "type": "Hex High Entropy String",
        "filename": "tests/fixtures/ingest/oracle/html/oracle-always-free-resources/capture.json",
        "hashed_secret": "b2a1d0a51a0708a22295ddffadf1012c878cd879",
        "is_verified": false,
        "line_number": 49
      },
      {
        "type": "Hex High Entropy String",
        "filename": "tests/fixtures/ingest/oracle/html/oracle-always-free-resources/capture.json",
        "hashed_secret": "8e27b06af8a0bfbf725e0575cacff17dfefb2ef6",
        "is_verified": false,
        "line_number": 50
      },
      {
        "type": "Hex High Entropy String",
        "filename": "tests/fixtures/ingest/oracle/html/oracle-always-free-resources/capture.json",
        "hashed_secret": "ef6aba9bc35f3e1b851b20b060e3bc96373cd3ec",
        "is_verified": false,
        "line_number": 51
      },
      {
        "type": "Hex High Entropy String",
        "filename": "tests/fixtures/ingest/oracle/html/oracle-always-free-resources/capture.json",
        "hashed_secret": "4588ae189060ac9d0661b921b2d2445faf8ee3ba",
        "is_verified": false,
        "line_number": 52
      },
      {
        "type": "Hex High Entropy String",
        "filename": "tests/fixtures/ingest/oracle/html/oracle-always-free-resources/capture.json",
        "hashed_secret": "ff972152b93eff08c1708dbc36dec86ba3bb5da3",
        "is_verified": false,
        "line_number": 53
      }
    ],
    "tests/fixtures/ingest/oracle/html/oracle-always-free-resources/expected.json": [
      {
        "type": "Secret Keyword",
        "filename": "tests/fixtures/ingest/oracle/html/oracle-always-free-resources/expected.json",
        "hashed_secret": "339c52b3490b1ef1ed5bd7e98512a541119bf12d",
        "is_verified": false,
        "line_number": 28
      }
    ],
    "tests/fixtures/ingest/oracle/html/oracle-always-free-services/capture.json": [
      {
        "type": "Hex High Entropy String",
        "filename": "tests/fixtures/ingest/oracle/html/oracle-always-free-services/capture.json",
        "hashed_secret": "15ee20246f3a9490f40c25782a018b9a5a972a60",
        "is_verified": false,
        "line_number": 15
      },
      {
        "type": "Hex High Entropy String",
        "filename": "tests/fixtures/ingest/oracle/html/oracle-always-free-services/capture.json",
        "hashed_secret": "a4916d5cce6843a8c3e0baaf85543b06275fdc46",
        "is_verified": false,
        "line_number": 17
      },
      {
        "type": "Hex High Entropy String",
        "filename": "tests/fixtures/ingest/oracle/html/oracle-always-free-services/capture.json",
        "hashed_secret": "ad2d7dd2758e5335126273f4669cf7e048fbe4d3",
        "is_verified": false,
        "line_number": 21
      },
      {
        "type": "Hex High Entropy String",
        "filename": "tests/fixtures/ingest/oracle/html/oracle-always-free-services/capture.json",
        "hashed_secret": "502ac5e6a7c8959efa6294de66dce3463b19f730",
        "is_verified": false,
        "line_number": 24
      },
      {
        "type": "Hex High Entropy String",
        "filename": "tests/fixtures/ingest/oracle/html/oracle-always-free-services/capture.json",
        "hashed_secret": "8465f14e7dc786819c9acfb98f65dff3f07b408a",
        "is_verified": false,
        "line_number": 26
      },
      {
        "type": "Hex High Entropy String",
        "filename": "tests/fixtures/ingest/oracle/html/oracle-always-free-services/capture.json",
        "hashed_secret": "cd803011dbc37e6167f0a7152e8ea976935fd14e",
        "is_verified": false,
        "line_number": 27
      },
      {
        "type": "Hex High Entropy String",
        "filename": "tests/fixtures/ingest/oracle/html/oracle-always-free-services/capture.json",
        "hashed_secret": "7b36638f91589e73f72a19cd19a5a78f1fc466c4",
        "is_verified": false,
        "line_number": 28
      },
      {
        "type": "Hex High Entropy String",
        "filename": "tests/fixtures/ingest/oracle/html/oracle-always-free-services/capture.json",
        "hashed_secret": "d0a6165d9603294cbffed3d0f07d6c267d624032",
        "is_verified": false,
        "line_number": 29
      },
      {
        "type": "Hex High Entropy String",
        "filename": "tests/fixtures/ingest/oracle/html/oracle-always-free-services/capture.json",
        "hashed_secret": "0956b3e8c10356df6d63a273f834e262e2c10517",
        "is_verified": false,
        "line_number": 30
      }
    ],
    "tests/fixtures/ingest/oracle/html/oracle-cloud-free-tier/capture.json": [
      {
        "type": "Hex High Entropy String",
        "filename": "tests/fixtures/ingest/oracle/html/oracle-cloud-free-tier/capture.json",
        "hashed_secret": "5d3cd87188742442fabf5c3d0aae7c860d08fe54",
        "is_verified": false,
        "line_number": 15
      },
      {
        "type": "Hex High Entropy String",
        "filename": "tests/fixtures/ingest/oracle/html/oracle-cloud-free-tier/capture.json",
        "hashed_secret": "f19b4da7d40ad4eae49b30803cd9e08ebad4e4f5",
        "is_verified": false,
        "line_number": 17
      },
      {
        "type": "Hex High Entropy String",
        "filename": "tests/fixtures/ingest/oracle/html/oracle-cloud-free-tier/capture.json",
        "hashed_secret": "678d425d4d033fa04be3dae10e656cdc21db4186",
        "is_verified": false,
        "line_number": 21
      },
      {
        "type": "Hex High Entropy String",
        "filename": "tests/fixtures/ingest/oracle/html/oracle-cloud-free-tier/capture.json",
        "hashed_secret": "ecf49396032beae51bb8fba2ed419f5ab473fcd1",
        "is_verified": false,
        "line_number": 25
      },
      {
        "type": "Hex High Entropy String",
        "filename": "tests/fixtures/ingest/oracle/html/oracle-cloud-free-tier/capture.json",
        "hashed_secret": "5c74005dc43f31a0317194a2fe740807c29d3ed7",
        "is_verified": false,
        "line_number": 26
      },
      {
        "type": "Hex High Entropy String",
        "filename": "tests/fixtures/ingest/oracle/html/oracle-cloud-free-tier/capture.json",
        "hashed_secret": "502ac5e6a7c8959efa6294de66dce3463b19f730",
        "is_verified": false,
        "line_number": 27
      },
      {
        "type": "Hex High Entropy String",
        "filename": "tests/fixtures/ingest/oracle/html/oracle-cloud-free-tier/capture.json",
        "hashed_secret": "7b36638f91589e73f72a19cd19a5a78f1fc466c4",
        "is_verified": false,
        "line_number": 29
      },
      {
        "type": "Hex High Entropy String",
        "filename": "tests/fixtures/ingest/oracle/html/oracle-cloud-free-tier/capture.json",
        "hashed_secret": "1f5e58fd9e5f81e510d7259638d380b536c43bdf",
        "is_verified": false,
        "line_number": 30
      }
    ],
    "tests/fixtures/ingest/oracle/html/oracle-free-credit-promotion/capture.json": [
      {
        "type": "Hex High Entropy String",
        "filename": "tests/fixtures/ingest/oracle/html/oracle-free-credit-promotion/capture.json",
        "hashed_secret": "0eb4b6a397b31cf16155610c610047b741074ec3",
        "is_verified": false,
        "line_number": 15
      },
      {
        "type": "Hex High Entropy String",
        "filename": "tests/fixtures/ingest/oracle/html/oracle-free-credit-promotion/capture.json",
        "hashed_secret": "a2c16adef11cc7cf371abece5b693b457acfef81",
        "is_verified": false,
        "line_number": 17
      },
      {
        "type": "Hex High Entropy String",
        "filename": "tests/fixtures/ingest/oracle/html/oracle-free-credit-promotion/capture.json",
        "hashed_secret": "7f2816f339fda4e17470c524f91d3f240f1f8b59",
        "is_verified": false,
        "line_number": 21
      },
      {
        "type": "Hex High Entropy String",
        "filename": "tests/fixtures/ingest/oracle/html/oracle-free-credit-promotion/capture.json",
        "hashed_secret": "5f99e3956f64c651f96abbee1ff0855fd3fd1c1d",
        "is_verified": false,
        "line_number": 25
      },
      {
        "type": "Hex High Entropy String",
        "filename": "tests/fixtures/ingest/oracle/html/oracle-free-credit-promotion/capture.json",
        "hashed_secret": "431885aa45178b2f5c312f13a27d6e4188a27efe",
        "is_verified": false,
        "line_number": 26
      },
      {
        "type": "Hex High Entropy String",
        "filename": "tests/fixtures/ingest/oracle/html/oracle-free-credit-promotion/capture.json",
        "hashed_secret": "d651697826627765b9a093885258e8b3fae0f2ad",
        "is_verified": false,
        "line_number": 27
      },
      {
        "type": "Hex High Entropy String",
        "filename": "tests/fixtures/ingest/oracle/html/oracle-free-credit-promotion/capture.json",
        "hashed_secret": "59948a36bfae18a3a60d416899ccacb7b2bf3f7e",
        "is_verified": false,
        "line_number": 28
      }
    ],
    "tests/fixtures/ingest/oracle/html/oracle-free-tier/capture.json": [
      {
        "type": "Hex High Entropy String",
        "filename": "tests/fixtures/ingest/oracle/html/oracle-free-tier/capture.json",
        "hashed_secret": "2b65983ff16190279c5d7f850171bbddf6b2797c",
        "is_verified": false,
        "line_number": 15
      },
      {
        "type": "Hex High Entropy String",
        "filename": "tests/fixtures/ingest/oracle/html/oracle-free-tier/capture.json",
        "hashed_secret": "81edbc473df1208e73eeb20f6b16b984535a5ffa",
        "is_verified": false,
        "line_number": 17
      },
      {
        "type": "Hex High Entropy String",
        "filename": "tests/fixtures/ingest/oracle/html/oracle-free-tier/capture.json",
        "hashed_secret": "538ca001a500f0fd725a4db1bf3e6f005b0c1f6e",
        "is_verified": false,
        "line_number": 21
      },
      {
        "type": "Hex High Entropy String",
        "filename": "tests/fixtures/ingest/oracle/html/oracle-free-tier/capture.json",
        "hashed_secret": "09bcf3a34219cdd9d802226a040dad27a8e49433",
        "is_verified": false,
        "line_number": 25
      },
      {
        "type": "Hex High Entropy String",
        "filename": "tests/fixtures/ingest/oracle/html/oracle-free-tier/capture.json",
        "hashed_secret": "cd24515208eeccc616f5166d7e17a54944d94461",
        "is_verified": false,
        "line_number": 27
      },
      {
        "type": "Hex High Entropy String",
        "filename": "tests/fixtures/ingest/oracle/html/oracle-free-tier/capture.json",
        "hashed_secret": "902b97f610e5bd49693a99b9a204a1f9d41c5769",
        "is_verified": false,
        "line_number": 29
      },
      {
        "type": "Hex High Entropy String",
        "filename": "tests/fixtures/ingest/oracle/html/oracle-free-tier/capture.json",
        "hashed_secret": "1b46af0e40afb617be21980bb4a84b9ad168a1f8",
        "is_verified": false,
        "line_number": 30
      },
      {
        "type": "Hex High Entropy String",
        "filename": "tests/fixtures/ingest/oracle/html/oracle-free-tier/capture.json",
        "hashed_secret": "3f7f2bffb38423f747432c23c5528d59e822de44",
        "is_verified": false,
        "line_number": 31
      }
    ],
    "tests/fixtures/ingest/oracle/html/oracle-mysql-heatwave-always-free/capture.json": [
      {
        "type": "Hex High Entropy String",
        "filename": "tests/fixtures/ingest/oracle/html/oracle-mysql-heatwave-always-free/capture.json",
        "hashed_secret": "bee8e1bdcf560e2092ac741530b51c43f57f168d",
        "is_verified": false,
        "line_number": 15
      },
      {
        "type": "Hex High Entropy String",
        "filename": "tests/fixtures/ingest/oracle/html/oracle-mysql-heatwave-always-free/capture.json",
        "hashed_secret": "7b8dca8123637aa99ddf8ec31e625b4ec20fd8ec",
        "is_verified": false,
        "line_number": 17
      },
      {
        "type": "Hex High Entropy String",
        "filename": "tests/fixtures/ingest/oracle/html/oracle-mysql-heatwave-always-free/capture.json",
        "hashed_secret": "1d50d5e05d62178bbeea9c9966bc011bdd41955b",
        "is_verified": false,
        "line_number": 21
      },
      {
        "type": "Hex High Entropy String",
        "filename": "tests/fixtures/ingest/oracle/html/oracle-mysql-heatwave-always-free/capture.json",
        "hashed_secret": "ad2d7dd2758e5335126273f4669cf7e048fbe4d3",
        "is_verified": false,
        "line_number": 23
      },
      {
        "type": "Hex High Entropy String",
        "filename": "tests/fixtures/ingest/oracle/html/oracle-mysql-heatwave-always-free/capture.json",
        "hashed_secret": "d9d7d02658702cd94d6aa4d06b4c70e07b9919c1",
        "is_verified": false,
        "line_number": 25
      },
      {
        "type": "Hex High Entropy String",
        "filename": "tests/fixtures/ingest/oracle/html/oracle-mysql-heatwave-always-free/capture.json",
        "hashed_secret": "4f8c1a18c7b61f73d99b760ac0a551a44c6525c8",
        "is_verified": false,
        "line_number": 26
      },
      {
        "type": "Hex High Entropy String",
        "filename": "tests/fixtures/ingest/oracle/html/oracle-mysql-heatwave-always-free/capture.json",
        "hashed_secret": "7aeca3085c312c5b257b57df2ef0a380ad22c8f6",
        "is_verified": false,
        "line_number": 27
      },
      {
        "type": "Hex High Entropy String",
        "filename": "tests/fixtures/ingest/oracle/html/oracle-mysql-heatwave-always-free/capture.json",
        "hashed_secret": "a6fc8d7837046dd647a4c03976197753e18afc22",
        "is_verified": false,
        "line_number": 28
      },
      {
        "type": "Hex High Entropy String",
        "filename": "tests/fixtures/ingest/oracle/html/oracle-mysql-heatwave-always-free/capture.json",
        "hashed_secret": "502ac5e6a7c8959efa6294de66dce3463b19f730",
        "is_verified": false,
        "line_number": 29
      }
    ],
    "tests/fixtures/ingest/oracle/html/partial/capture.json": [
      {
        "type": "Hex High Entropy String",
        "filename": "tests/fixtures/ingest/oracle/html/partial/capture.json",
        "hashed_secret": "90ffe92c00cd9f7c6d6abf074ee2999489bf604e",
        "is_verified": false,
        "line_number": 12
      }
    ],
    "tests/fixtures/ingest/oracle/html/unchanged/capture.json": [
      {
        "type": "Hex High Entropy String",
        "filename": "tests/fixtures/ingest/oracle/html/unchanged/capture.json",
        "hashed_secret": "dfd2c2bc983a24aa202f6c7d1ec93e22f3d641b4",
        "is_verified": false,
        "line_number": 12
      }
    ],
    "tests/fixtures/ingest/oracle/html/unchanged/expected.json": [
      {
        "type": "Secret Keyword",
        "filename": "tests/fixtures/ingest/oracle/html/unchanged/expected.json",
        "hashed_secret": "339c52b3490b1ef1ed5bd7e98512a541119bf12d",
        "is_verified": false,
        "line_number": 28
      }
    ],
    "tests/fixtures/ingest/vercel/html/changed/capture.json": [
      {
        "type": "Hex High Entropy String",
        "filename": "tests/fixtures/ingest/vercel/html/changed/capture.json",
        "hashed_secret": "7def0c5cfa3c780a1863ddc2860f556a8db97b56",
        "is_verified": false,
        "line_number": 6
      },
      {
        "type": "Hex High Entropy String",
        "filename": "tests/fixtures/ingest/vercel/html/changed/capture.json",
        "hashed_secret": "a4e8e1dcd7dd1c7e4f2582e6302a7809ab4e9e63",
        "is_verified": false,
        "line_number": 7
      }
    ],
    "tests/fixtures/ingest/vercel/html/contradictory/capture.json": [
      {
        "type": "Hex High Entropy String",
        "filename": "tests/fixtures/ingest/vercel/html/contradictory/capture.json",
        "hashed_secret": "7def0c5cfa3c780a1863ddc2860f556a8db97b56",
        "is_verified": false,
        "line_number": 6
      },
      {
        "type": "Hex High Entropy String",
        "filename": "tests/fixtures/ingest/vercel/html/contradictory/capture.json",
        "hashed_secret": "ea7cd43ac19165d19fc60151e1a84f41ac05059e",
        "is_verified": false,
        "line_number": 7
      }
    ],
    "tests/fixtures/ingest/vercel/html/malformed/capture.json": [
      {
        "type": "Hex High Entropy String",
        "filename": "tests/fixtures/ingest/vercel/html/malformed/capture.json",
        "hashed_secret": "7def0c5cfa3c780a1863ddc2860f556a8db97b56",
        "is_verified": false,
        "line_number": 6
      },
      {
        "type": "Hex High Entropy String",
        "filename": "tests/fixtures/ingest/vercel/html/malformed/capture.json",
        "hashed_secret": "cb668f469d57bafb290c40f4e9a9f93eaf1cd4c7",
        "is_verified": false,
        "line_number": 7
      }
    ],
    "tests/fixtures/ingest/vercel/html/partial/capture.json": [
      {
        "type": "Hex High Entropy String",
        "filename": "tests/fixtures/ingest/vercel/html/partial/capture.json",
        "hashed_secret": "7def0c5cfa3c780a1863ddc2860f556a8db97b56",
        "is_verified": false,
        "line_number": 6
      },
      {
        "type": "Hex High Entropy String",
        "filename": "tests/fixtures/ingest/vercel/html/partial/capture.json",
        "hashed_secret": "3b1c13dc6510df2375ceef6ead14caec08c32536",
        "is_verified": false,
        "line_number": 7
      }
    ],
    "tests/fixtures/ingest/vercel/html/unchanged/capture.json": [
      {
        "type": "Hex High Entropy String",
        "filename": "tests/fixtures/ingest/vercel/html/unchanged/capture.json",
        "hashed_secret": "7def0c5cfa3c780a1863ddc2860f556a8db97b56",
        "is_verified": false,
        "line_number": 6
      },
      {
        "type": "Hex High Entropy String",
        "filename": "tests/fixtures/ingest/vercel/html/unchanged/capture.json",
        "hashed_secret": "7d4ed681a1aca21d3d4cc91d5a1420265f918aab",
        "is_verified": false,
        "line_number": 7
      }
    ],
    "tests/fixtures/ingest/vercel/html/vercel-hobby-plan/capture.json": [
      {
        "type": "Hex High Entropy String",
        "filename": "tests/fixtures/ingest/vercel/html/vercel-hobby-plan/capture.json",
        "hashed_secret": "144f95e99c4add7ea5f56dab5bcd248efe257181",
        "is_verified": false,
        "line_number": 6
      },
      {
        "type": "Hex High Entropy String",
        "filename": "tests/fixtures/ingest/vercel/html/vercel-hobby-plan/capture.json",
        "hashed_secret": "eb3fbc336e488027b041cb9d2ed53fa07c9a4571",
        "is_verified": false,
        "line_number": 7
      },
      {
        "type": "Hex High Entropy String",
        "filename": "tests/fixtures/ingest/vercel/html/vercel-hobby-plan/capture.json",
        "hashed_secret": "dc90103ff0474080a1dbdafbf74b03af6132331a",
        "is_verified": false,
        "line_number": 32
      },
      {
        "type": "Hex High Entropy String",
        "filename": "tests/fixtures/ingest/vercel/html/vercel-hobby-plan/capture.json",
        "hashed_secret": "b4bb64f5d8601fb762776fd51a1b68bf11e6115b",
        "is_verified": false,
        "line_number": 33
      },
      {
        "type": "Hex High Entropy String",
        "filename": "tests/fixtures/ingest/vercel/html/vercel-hobby-plan/capture.json",
        "hashed_secret": "687d0608d854dcdbb3178ea327ad264cfca10283",
        "is_verified": false,
        "line_number": 34
      },
      {
        "type": "Hex High Entropy String",
        "filename": "tests/fixtures/ingest/vercel/html/vercel-hobby-plan/capture.json",
        "hashed_secret": "1d84a5fa57ef2994eb595652e08bf3512eb68267",
        "is_verified": false,
        "line_number": 35
      }
    ],
    "tests/fixtures/ingest/vercel/html/vercel-pro-trial/capture.json": [
      {
        "type": "Hex High Entropy String",
        "filename": "tests/fixtures/ingest/vercel/html/vercel-pro-trial/capture.json",
        "hashed_secret": "4ad76deadb00c0fe458803a6b71f5e59b3c2b702",
        "is_verified": false,
        "line_number": 6
      },
      {
        "type": "Hex High Entropy String",
        "filename": "tests/fixtures/ingest/vercel/html/vercel-pro-trial/capture.json",
        "hashed_secret": "4042e58b3a486740828b5ebce7f264a27df189e1",
        "is_verified": false,
        "line_number": 7
      },
      {
        "type": "Hex High Entropy String",
        "filename": "tests/fixtures/ingest/vercel/html/vercel-pro-trial/capture.json",
        "hashed_secret": "082430f1ded47d0fb84a7f021b2d6c635352336d",
        "is_verified": false,
        "line_number": 29
      },
      {
        "type": "Hex High Entropy String",
        "filename": "tests/fixtures/ingest/vercel/html/vercel-pro-trial/capture.json",
        "hashed_secret": "efeb8d07551cbb8554224c2e494027db072134ee",
        "is_verified": false,
        "line_number": 30
      },
      {
        "type": "Hex High Entropy String",
        "filename": "tests/fixtures/ingest/vercel/html/vercel-pro-trial/capture.json",
        "hashed_secret": "96bcd4342848afbe6b0aa15fd57d0de1ee169be7",
        "is_verified": false,
        "line_number": 31
      },
      {
        "type": "Hex High Entropy String",
        "filename": "tests/fixtures/ingest/vercel/html/vercel-pro-trial/capture.json",
        "hashed_secret": "b0de99af47f3cbbb5eb90a4e529862522e9ef6dc",
        "is_verified": false,
        "line_number": 32
      }
    ],
    "tests/fixtures/ingest/vercel/html/vercel-sandbox-pricing/capture.json": [
      {
        "type": "Hex High Entropy String",
        "filename": "tests/fixtures/ingest/vercel/html/vercel-sandbox-pricing/capture.json",
        "hashed_secret": "049839c68e4fbfa2072817713d3595571d54ba92",
        "is_verified": false,
        "line_number": 6
      },
      {
        "type": "Hex High Entropy String",
        "filename": "tests/fixtures/ingest/vercel/html/vercel-sandbox-pricing/capture.json",
        "hashed_secret": "5b8fb22a8ccbfa9872c393c42ca959ba5c012274",
        "is_verified": false,
        "line_number": 7
      },
      {
        "type": "Hex High Entropy String",
        "filename": "tests/fixtures/ingest/vercel/html/vercel-sandbox-pricing/capture.json",
        "hashed_secret": "29edda8b9ce561521b5ed6c281d636f8120664f7",
        "is_verified": false,
        "line_number": 30
      },
      {
        "type": "Hex High Entropy String",
        "filename": "tests/fixtures/ingest/vercel/html/vercel-sandbox-pricing/capture.json",
        "hashed_secret": "969b57b56c6930ab6769767963a51353866b3d51",
        "is_verified": false,
        "line_number": 31
      },
      {
        "type": "Hex High Entropy String",
        "filename": "tests/fixtures/ingest/vercel/html/vercel-sandbox-pricing/capture.json",
        "hashed_secret": "f3d8d7fa7493d840672bdee2e92cf523567e5fad",
        "is_verified": false,
        "line_number": 32
      },
      {
        "type": "Hex High Entropy String",
        "filename": "tests/fixtures/ingest/vercel/html/vercel-sandbox-pricing/capture.json",
        "hashed_secret": "276fb9c5f060bbfc31ba33066e3359583376c20e",
        "is_verified": false,
        "line_number": 33
      }
    ]
  },
  "generated_at": "2026-08-15T01:35:37Z"
}
